Component: ARM Compiler 5.06 update 6 (build 750) Tool: armlink [4d35ed]

==============================================================================

Section Cross References

    startup_stm32f103xe.o(RESET) refers to startup_stm32f103xe.o(STACK) for __initial_sp
    startup_stm32f103xe.o(RESET) refers to startup_stm32f103xe.o(.text) for Reset_Handler
    startup_stm32f103xe.o(RESET) refers to stm32f1xx_it.o(i.NMI_Handler) for NMI_Handler
    startup_stm32f103xe.o(RESET) refers to stm32f1xx_it.o(i.HardFault_Handler) for HardFault_Handler
    startup_stm32f103xe.o(RESET) refers to stm32f1xx_it.o(i.MemManage_Handler) for MemManage_Handler
    startup_stm32f103xe.o(RESET) refers to stm32f1xx_it.o(i.BusFault_Handler) for BusFault_Handler
    startup_stm32f103xe.o(RESET) refers to stm32f1xx_it.o(i.UsageFault_Handler) for UsageFault_Handler
    startup_stm32f103xe.o(RESET) refers to port.o(.emb_text) for SVC_Handler
    startup_stm32f103xe.o(RESET) refers to stm32f1xx_it.o(i.DebugMon_Handler) for DebugMon_Handler
    startup_stm32f103xe.o(RESET) refers to stm32f1xx_it.o(i.SysTick_Handler) for SysTick_Handler
    startup_stm32f103xe.o(RESET) refers to stm32f1xx_it.o(i.DMA1_Channel6_IRQHandler) for DMA1_Channel6_IRQHandler
    startup_stm32f103xe.o(RESET) refers to stm32f1xx_it.o(i.DMA1_Channel7_IRQHandler) for DMA1_Channel7_IRQHandler
    startup_stm32f103xe.o(RESET) refers to stm32f1xx_it.o(i.SPI1_IRQHandler) for SPI1_IRQHandler
    startup_stm32f103xe.o(RESET) refers to stm32f1xx_it.o(i.USART1_IRQHandler) for USART1_IRQHandler
    startup_stm32f103xe.o(RESET) refers to stm32f1xx_it.o(i.USART2_IRQHandler) for USART2_IRQHandler
    startup_stm32f103xe.o(.text) refers to system_stm32f1xx.o(i.SystemInit) for SystemInit
    startup_stm32f103xe.o(.text) refers to entry.o(.ARM.Collect$$$$00000000) for __main
    strategy.o(i.Exe_Strategy_Type_Route) refers to stm32f1xx_hal_gpio.o(i.HAL_GPIO_ReadPin) for HAL_GPIO_ReadPin
    strategy.o(i.Exe_Strategy_Type_Route) refers to relay.o(i.Motor_Reverses) for Motor_Reverses
    strategy.o(i.Exe_Strategy_Type_Route) refers to relay.o(i.Motor_Stop) for Motor_Stop
    strategy.o(i.Exe_Strategy_Type_Route) refers to relay.o(i.Motor_Forward) for Motor_Forward
    strategy.o(i.Exe_Strategy_Type_Route) refers to relay.o(.data) for G_New_Mode
    strategy.o(i.Exe_Strategy_Type_Route) refers to lcd12864_display_menu_set_strategy.o(.bss) for G_Strategy
    strategy.o(i.Exe_Strategy_Type_Temp) refers to stm32f1xx_hal_gpio.o(i.HAL_GPIO_ReadPin) for HAL_GPIO_ReadPin
    strategy.o(i.Exe_Strategy_Type_Temp) refers to ffltui.o(.text) for __aeabi_ui2f
    strategy.o(i.Exe_Strategy_Type_Temp) refers to fdiv.o(.text) for __aeabi_fdiv
    strategy.o(i.Exe_Strategy_Type_Temp) refers to cfrcmple.o(.text) for __aeabi_cfrcmple
    strategy.o(i.Exe_Strategy_Type_Temp) refers to relay.o(i.Motor_Forward) for Motor_Forward
    strategy.o(i.Exe_Strategy_Type_Temp) refers to cfcmple.o(.text) for __aeabi_cfcmple
    strategy.o(i.Exe_Strategy_Type_Temp) refers to relay.o(i.Motor_Reverses) for Motor_Reverses
    strategy.o(i.Exe_Strategy_Type_Temp) refers to relay.o(i.Motor_Stop) for Motor_Stop
    strategy.o(i.Exe_Strategy_Type_Temp) refers to 24c0x.o(.data) for G_Delay_Inspection
    strategy.o(i.Exe_Strategy_Type_Temp) refers to relay.o(.data) for G_Now_Route
    strategy.o(i.Exe_Strategy_Type_Temp) refers to lcd12864_display_menu_set_strategy.o(.bss) for G_Strategy
    strategy.o(i.Exe_Strategy_Type_Temp) refers to humi.o(.data) for temp
    strategy.o(i.Init_Strategy) refers to 24c0x.o(i.AT24CXX_Write) for AT24CXX_Write
    strategy.o(i.Init_Strategy) refers to 24c0x.o(i.AT24CXX_Read) for AT24CXX_Read
    strategy.o(i.Init_Strategy) refers to printfa.o(i.__0printf) for __2printf
    strategy.o(i.Init_Strategy) refers to lcd12864_display_menu_set_strategy_info.o(.bss) for S_Strategy
    strategy.o(i.Init_Strategy) refers to lcd12864_display_menu_set_strategy.o(.bss) for G_Strategy
    strategy.o(i.Start_Strategy_Task) refers to cmsis_os.o(i.osDelay) for osDelay
    strategy.o(i.Start_Strategy_Task) refers to stm32f1xx_hal_rtc.o(i.HAL_RTC_GetTime) for HAL_RTC_GetTime
    strategy.o(i.Start_Strategy_Task) refers to lcd12864.o(i.LCD12864_Put_Str_At_Present_Mode) for LCD12864_Put_Str_At_Present_Mode
    strategy.o(i.Start_Strategy_Task) refers to strategy.o(i.Exe_Strategy_Type_Route) for Exe_Strategy_Type_Route
    strategy.o(i.Start_Strategy_Task) refers to strategy.o(i.Exe_Strategy_Type_Temp) for Exe_Strategy_Type_Temp
    strategy.o(i.Start_Strategy_Task) refers to lcd12864_display_menu_set_strategy.o(.bss) for G_Strategy
    strategy.o(i.Start_Strategy_Task) refers to relay.o(.data) for G_New_Mode
    strategy.o(i.Start_Strategy_Task) refers to main.o(.bss) for hrtc
    strategy.o(i.Start_Strategy_Task) refers to lcd12864.o(.data) for Now_page
    gprs.o(i.GPRS_AT) refers to uart.o(i.Send_To_Uart2_Str) for Send_To_Uart2_Str
[...]
    USART1_IRQHandler                        0x08008bb9   Thumb Code     6  stm32f1xx_it.o(i.USART1_IRQHandler)
    USART2_IRQHandler                        0x08008bc5   Thumb Code     6  stm32f1xx_it.o(i.USART2_IRQHandler)
    USER_initialize                          0x08008bd1   Thumb Code    10  user_diskio.o(i.USER_initialize)
    USER_ioctl                               0x08008be1   Thumb Code     4  user_diskio.o(i.USER_ioctl)
    USER_read                                0x08008be5   Thumb Code     4  user_diskio.o(i.USER_read)
    USER_status                              0x08008be9   Thumb Code    10  user_diskio.o(i.USER_status)
    USER_write                               0x08008bf9   Thumb Code     4  user_diskio.o(i.USER_write)
    UsageFault_Handler                       0x08008bfd   Thumb Code     2  stm32f1xx_it.o(i.UsageFault_Handler)
    Waken                                    0x08008bff   Thumb Code    36  am2320.o(i.Waken)
    WriteCommand                             0x08008c25   Thumb Code   128  lcd12864.o(i.WriteCommand)
    WriteNByte                               0x08008cb1   Thumb Code    92  am2320.o(i.WriteNByte)
    Write_Data                               0x08008d31   Thumb Code   128  lcd12864.o(i.Write_Data)
    _Error_Handler                           0x08008dbd   Thumb Code     8  main.o(i._Error_Handler)
    __0printf                                0x08008dd5   Thumb Code    22  printfa.o(i.__0printf)
    __1printf                                0x08008dd5   Thumb Code     0  printfa.o(i.__0printf)
    __2printf                                0x08008dd5   Thumb Code     0  printfa.o(i.__0printf)
    __c89printf                              0x08008dd5   Thumb Code     0  printfa.o(i.__0printf)
    printf                                   0x08008dd5   Thumb Code     0  printfa.o(i.__0printf)
    __0sprintf                               0x08008df5   Thumb Code    34  printfa.o(i.__0sprintf)
    __1sprintf                               0x08008df5   Thumb Code     0  printfa.o(i.__0sprintf)
    __2sprintf                               0x08008df5   Thumb Code     0  printfa.o(i.__0sprintf)
    __c89sprintf                             0x08008df5   Thumb Code     0  printfa.o(i.__0sprintf)
    sprintf                                  0x08008df5   Thumb Code     0  printfa.o(i.__0sprintf)
    __aeabi_errno_addr                       0x08008e1d   Thumb Code     4  errno.o(i.__aeabi_errno_addr)
    __rt_errno_addr                          0x08008e1d   Thumb Code     0  errno.o(i.__aeabi_errno_addr)
    __scatterload_copy                       0x08008e25   Thumb Code    14  handlers.o(i.__scatterload_copy)
    __scatterload_null                       0x08008e33   Thumb Code     2  handlers.o(i.__scatterload_null)
    __scatterload_zeroinit                   0x08008e35   Thumb Code    14  handlers.o(i.__scatterload_zeroinit)
    _is_digit                                0x08008fc9   Thumb Code    14  scanf_fp.o(i._is_digit)
    cJSON_Delete                             0x0800973d   Thumb Code    66  cjson.o(i.cJSON_Delete)
    cJSON_GetObjectItem                      0x08009785   Thumb Code     6  cjson.o(i.cJSON_GetObjectItem)
    cJSON_Parse                              0x080097a1   Thumb Code     8  cjson.o(i.cJSON_Parse)
    cJSON_ParseWithOpts                      0x080097a9   Thumb Code   176  cjson.o(i.cJSON_ParseWithOpts)
    cJSON_Print                              0x0800985d   Thumb Code     8  cjson.o(i.cJSON_Print)
    delay_us                                 0x08009869   Thumb Code    62  delay.o(i.delay_us)
    eTaskGetState                            0x080098ad   Thumb Code    94  tasks.o(i.eTaskGetState)
    fputc                                    0x080099a1   Thumb Code    30  main.o(i.fputc)
    free                                     0x080099c5   Thumb Code    76  malloc.o(i.free)
    init_Sim800C                             0x08009a91   Thumb Code   214  sim800c.o(i.init_Sim800C)
    main                                     0x08009c05   Thumb Code   124  main.o(i.main)
    mem_free                                 0x08009c99   Thumb Code    58  malloc.o(i.mem_free)
    mem_init                                 0x08009cd9   Thumb Code    34  malloc.o(i.mem_init)
    mem_malloc                               0x08009d01   Thumb Code    88  malloc.o(i.mem_malloc)
    mem_perused                              0x08009d5d   Thumb Code    40  malloc.o(i.mem_perused)
    myfree                                   0x08009d89   Thumb Code    16  malloc.o(i.myfree)
    mymalloc                                 0x08009d9d   Thumb Code    22  malloc.o(i.mymalloc)
    mymemcpy                                 0x08009db9   Thumb Code    18  malloc.o(i.mymemcpy)
    mymemset                                 0x08009dcd   Thumb Code    14  malloc.o(i.mymemset)
    myrealloc                                0x08009ddd   Thumb Code    48  malloc.o(i.myrealloc)
    osDelay                                  0x08009e11   Thumb Code    14  cmsis_os.o(i.osDelay)
    osKernelStart                            0x08009e1f   Thumb Code    10  cmsis_os.o(i.osKernelStart)
    osSystickHandler                         0x08009e29   Thumb Code    20  cmsis_os.o(i.osSystickHandler)
    osThreadCreate                           0x08009e3d   Thumb Code    46  cmsis_os.o(i.osThreadCreate)
    osThreadTerminate                        0x08009e6b   Thumb Code    10  cmsis_os.o(i.osThreadTerminate)
    pvPortMalloc                             0x0800ad29   Thumb Code   210  heap_4.o(i.pvPortMalloc)
    pvTaskIncrementMutexHeldCount            0x0800ae01   Thumb Code    18  tasks.o(i.pvTaskIncrementMutexHeldCount)
    pxPortInitialiseStack                    0x0800ae19   Thumb Code    32  port.o(i.pxPortInitialiseStack)
    reset_Sim800C                            0x0800ae3d   Thumb Code    76  sim800c.o(i.reset_Sim800C)
    strtod                                   0x0800ae9d   Thumb Code    28  strtod.o(i.strtod)
    uxListRemove                             0x0800afa7   Thumb Code    36  list.o(i.uxListRemove)
    vListInitialise                          0x0800afcb   Thumb Code    22  list.o(i.vListInitialise)
    vListInitialiseItem                      0x0800afe1   Thumb Code     6  list.o(i.vListInitialiseItem)
    vListInsert                              0x0800afe7   Thumb Code    48  list.o(i.vListInsert)
    vListInsertEnd                           0x0800b017   Thumb Code    24  list.o(i.vListInsertEnd)
    vPortEnterCritical                       0x0800b031   Thumb Code    54  port.o(i.vPortEnterCritical)
    vPortExitCritical                        0x0800b071   Thumb Code    34  port.o(i.vPortExitCritical)
    vPortFree                                0x0800b099   Thumb Code    88  heap_4.o(i.vPortFree)
    vPortSetupTimerInterrupt                 0x0800b0f5   Thumb Code    26  port.o(i.vPortSetupTimerInterrupt)
    vPortValidateInterruptPriority           0x0800b115   Thumb Code    74  port.o(i.vPortValidateInterruptPriority)
    vTaskDelay                               0x0800b169   Thumb Code    66  tasks.o(i.vTaskDelay)
    vTaskDelete                              0x0800b1b5   Thumb Code   158  tasks.o(i.vTaskDelete)
    vTaskGetInfo                             0x0800b261   Thumb Code   116  tasks.o(i.vTaskGetInfo)
    vTaskMissedYield                         0x0800b2d9   Thumb Code     8  tasks.o(i.vTaskMissedYield)
    vTaskPlaceOnEventList                    0x0800b2e5   Thumb Code    44  tasks.o(i.vTaskPlaceOnEventList)
    vTaskPriorityInherit                     0x0800b315   Thumb Code   124  tasks.o(i.vTaskPriorityInherit)
    vTaskResume                              0x0800b399   Thumb Code   112  tasks.o(i.vTaskResume)
    vTaskSetTimeOutState                     0x0800b415   Thumb Code    30  tasks.o(i.vTaskSetTimeOutState)
    vTaskStartScheduler                      0x0800b439   Thumb Code    86  tasks.o(i.vTaskStartScheduler)
    vTaskSuspend                             0x0800b4a1   Thumb Code   162  tasks.o(i.vTaskSuspend)
    vTaskSuspendAll                          0x0800b551   Thumb Code    10  tasks.o(i.vTaskSuspendAll)
    vTaskSwitchContext                       0x0800b561   Thumb Code    82  tasks.o(i.vTaskSwitchContext)
    xPortGetFreeHeapSize                     0x0800b5bd   Thumb Code     6  heap_4.o(i.xPortGetFreeHeapSize)
    xPortStartScheduler                      0x0800b5c9   Thumb Code   102  port.o(i.xPortStartScheduler)
    xPortSysTickHandler                      0x0800b63d   Thumb Code    38  port.o(i.xPortSysTickHandler)
    xQueueCreateMutex                        0x0800b669   Thumb Code    36  queue.o(i.xQueueCreateMutex)
    xQueueGenericCreate                      0x0800b68d   Thumb Code    82  queue.o(i.xQueueGenericCreate)
    xQueueGenericReceive                     0x0800b6e1   Thumb Code   360  queue.o(i.xQueueGenericReceive)
    xQueueGenericReset                       0x0800b84d   Thumb Code   132  queue.o(i.xQueueGenericReset)
    xQueueGenericSend                        0x0800b8d5   Thumb Code   346  queue.o(i.xQueueGenericSend)
    xQueueGiveFromISR                        0x0800ba35   Thumb Code   156  queue.o(i.xQueueGiveFromISR)
    xTaskCheckForTimeOut                     0x0800bad1   Thumb Code   102  tasks.o(i.xTaskCheckForTimeOut)
    xTaskCreate                              0x0800bb3d   Thumb Code    86  tasks.o(i.xTaskCreate)
    xTaskGenericNotify                       0x0800bb95   Thumb Code   190  tasks.o(i.xTaskGenericNotify)
    xTaskGetSchedulerState                   0x0800bc61   Thumb Code    22  tasks.o(i.xTaskGetSchedulerState)
    xTaskIncrementTick                       0x0800bc7d   Thumb Code   192  tasks.o(i.xTaskIncrementTick)
    xTaskNotifyWait                          0x0800bd45   Thumb Code   130  tasks.o(i.xTaskNotifyWait)
    xTaskPriorityDisinherit                  0x0800bdd1   Thumb Code   144  tasks.o(i.xTaskPriorityDisinherit)
    xTaskRemoveFromEventList                 0x0800be69   Thumb Code   108  tasks.o(i.xTaskRemoveFromEventList)
    xTaskResumeAll                           0x0800bedd   Thumb Code   182  tasks.o(i.xTaskResumeAll)
    AHBPrescTable                            0x0800c054   Data          16  system_stm32f1xx.o(.constdata)
    APBPrescTable                            0x0800c064   Data           8  system_stm32f1xx.o(.constdata)
    __internal_lconv                         0x0800c268   Data          56  ilconv.o(.constdata)
    __ctype_table                            0x0800c2a0   Data         129  ctype_o.o(.constdata)
    Region$$Table$$Base                      0x0800c574   Number         0  anon$$obj.o(Region$$Table)
    Region$$Table$$Limit                     0x0800c594   Number         0  anon$$obj.o(Region$$Table)
    defaultTaskHandle                        0x20000000   Data           4  main.o(.data)
    Start_LED_TaskHandle                     0x20000004   Data           4  main.o(.data)
    Start_HUMI_TaskHandle                    0x20000008   Data           4  main.o(.data)
    Start_Delete_TaskHandle                  0x2000000c   Data           4  main.o(.data)
    Start_Strategy_TaskHandle                0x20000010   Data           4  main.o(.data)
    Start_LCD12864_TaskHandle                0x20000014   Data           4  main.o(.data)
    Start_BUTTON_TaskHandle                  0x20000018   Data           4  main.o(.data)
    xSemaphore                               0x2000001c   Data           4  main.o(.data)
    Start_SIM800C_TaskHandle                 0x20000020   Data           4  main.o(.data)
    G_Delete_Task_struct                     0x20000024   Data           8  main.o(.data)
    USER_Driver                              0x20000030   Data          20  user_diskio.o(.data)
    retUSER                                  0x20000044   Data           1  fatfs.o(.data)
    USERPath                                 0x20000045   Data           4  fatfs.o(.data)
    mallco_dev                               0x2000004c   Data          20  malloc.o(.data)
    uwTickFreq                               0x20000060   Data           1  stm32f1xx_hal.o(.data)
    uwTickPrio                               0x20000064   Data           4  stm32f1xx_hal.o(.data)
    uwTick                                   0x20000068   Data           4  stm32f1xx_hal.o(.data)
    Uart1_Rx_Cnt                             0x2000006c   Data           1  uart.o(.data)
    aRxBuffer                                0x2000006d   Data           1  uart.o(.data)
    SystemCoreClock                          0x20000070   Data           4  system_stm32f1xx.o(.data)
    pxCurrentTCB                             0x20000098   Data           4  tasks.o(.data)
    ScanButtonTaskHandle                     0x200000d4   Data           4  button.o(.data)
    ButtonExeTaskHandle                      0x200000d8   Data           4  button.o(.data)
    Now_page                                 0x200000dc   Data           1  lcd12864.o(.data)
    Start_LCD12864_HUMI_TaskHandle           0x200000e0   Data           4  lcd12864.o(.data)
    Start_LCD12864_Menu_TaskHandle           0x200000e4   Data           4  lcd12864.o(.data)
    Welcome_type                             0x200000e8   Data         560  typeface.o(.data)
    Signal_Strength                          0x20000318   Data          64  typeface.o(.data)
    Chinese_Menu_Type                        0x20000358   Data        1696  typeface.o(.data)
    Symbol_number                            0x200009f8   Data         768  typeface.o(.data)
    Symbol                                   0x20000cf8   Data          96  typeface.o(.data)
    ASCIIchardot                             0x20000d58   Data        1456  typeface.o(.data)
    G_Beyond_Route_Mask                      0x2000130c   Data           1  monitor_in1.o(.data)
    G_New_Mode                               0x20001310   Data           1  relay.o(.data)
    G_Stroking_Cycle                         0x20001311   Data           1  relay.o(.data)
    G_Max_Route                              0x20001312   Data           2  relay.o(.data)
    G_Now_Route                              0x20001314   Data           2  relay.o(.data)
    G_Old_Route                              0x20001316   Data           2  relay.o(.data)
    Start_Check_Stroking_Cycle_TaskHandle    0x20001318   Data           4  relay.o(.data)
    Start_Monitor_IN1_TaskHandle             0x2000131c   Data           4  relay.o(.data)
    Start_Relay_TaskHandle                   0x20001320   Data           4  relay.o(.data)
    Start_LCD12864_Set_Strategy_TaskHandle   0x20001328   Data           4  lcd12864_display_menu_set_strategy.o(.data)
    G_Delay_Inspection                       0x2000132c   Data           2  24c0x.o(.data)
    Start_LCD12864_HUMI_Compensation_TaskHandle 0x20001338   Data           4  lcd12864_display_menu_humi_compensation.o(.data)
    Start_LCD12864_Max_Route_TaskHandle      0x20001340   Data           4  lcd12864_display_menu_max_route.o(.data)
    Start_LCD12864_Route_Reset_TaskHandle    0x20001344   Data           4  lcd12864_display_menu_route_reset.o(.data)
    Start_LCD12864_Set_Strategy_Info_TaskHandle 0x2000134c   Data           4  lcd12864_display_menu_set_strategy_info.o(.data)
    Start_LCD12864_Set_Time_TaskHandle       0x20001358   Data           4  lcd12864_display_menu_set_time.o(.data)
    Start_LCD12864_Stroking_Cycle_TaskHandle 0x20001360   Data           4  lcd12864_display_menu_stroking_cycle.o(.data)
    Start_LCD12864_Delay_Inspection_TaskHandle 0x20001368   Data           4  lcd12864_display_menu_delay_inspection.o(.data)
    comp                                     0x2000136c   Data           4  humi.o(.data)
    temp                                     0x20001370   Data           4  humi.o(.data)
    g_rh                                     0x20001374   Data           4  humi.o(.data)
    G_Echo                                   0x20001378   Data           1  led.o(.data)
    Start_RUN_LED_TaskHandle                 0x2000137c   Data           4  led.o(.data)
    G_Sim800C_Signal                         0x20001380   Data           1  sim800c.o(.data)
    Start_Send_State_data_TaskHandle         0x20001384   Data           4  sim800c.o(.data)
    Sim800c_Semaphore                        0x20001388   Data           4  sim800c.o(.data)
    Start_Recv_Onenet_data_TaskHandle        0x2000138c   Data           4  sim800c.o(.data)
    Start_Scheduler_data_Task_TaskHandle     0x20001390   Data           4  sim800c.o(.data)
    Start_Reset_Sim800c_Task_TaskHandle      0x20001394   Data           4  sim800c.o(.data)
    WR_Flag                                  0x20001398   Data           1  am2320.o(.data)
    IIC_TX_Buffer                            0x20001399   Data           3  am2320.o(.data)
    G_p_index_start                          0x2000139c   Data           4  sim800c_scheduler_data.o(.data)
    G_p_index_end                            0x200013a0   Data           4  sim800c_scheduler_data.o(.data)
    __stdout                                 0x200013b8   Data           4  stdout.o(.data)
    __microlib_freelist                      0x200013bc   Data           4  mvars.o(.data)
    Send_data_recv                           0x200013c4   Data         128  gprs.o(.bss)
    hrtc                                     0x20001444   Data          20  main.o(.bss)
    hspi1                                    0x20001458   Data          88  main.o(.bss)
    huart1                                   0x200014b0   Data          64  main.o(.bss)
    huart2                                   0x200014f0   Data          64  main.o(.bss)
    hdma_usart2_tx                           0x20001530   Data          68  main.o(.bss)
    hdma_usart2_rx                           0x20001574   Data          68  main.o(.bss)
    membase                                  0x200015b8   Data       16384  malloc.o(.bss)
    memmapbase                               0x200055b8   Data        1024  malloc.o(.bss)
    pData                                    0x200059b8   Data         256  uart.o(.bss)
    Uart1_RxBuff                             0x20005ab8   Data          64  uart.o(.bss)
    disk                                     0x20005af8   Data          12  ff_gen_drv.o(.bss)
    G_Strategy                               0x2000abf4   Data          96  lcd12864_display_menu_set_strategy.o(.bss)
    S_Strategy                               0x2000ac54   Data          96  lcd12864_display_menu_set_strategy_info.o(.bss)
    IIC_RX_Buffer                            0x2000acb4   Data          15  am2320.o(.bss)
    G_Version_Information                    0x2000acc3   Data          50  board_info.o(.bss)
    Recv_cmd_data                            0x2000acf5   Data         512  sim800c_recv_onenet_data.o(.bss)
    G_Connect_Pack                           0x2000aef8   Data         118  mqtt.o(.bss)
    G_Send_Pack                              0x2000af70   Data          28  mqtt.o(.bss)
    g_send_Onenet_buf                        0x2000af8c   Data        1024  mqtt.o(.bss)
    IOT_Buf                                  0x2000b38c   Data        1024  mqtt.o(.bss)
    __initial_sp                             0x2000bb90   Data           0  startup_stm32f103xe.o(STACK)



==============================================================================

Memory Map of the image

  Image Entry point : 0x08000131

  Load Region LR_IROM1 (Base: 0x08000000, Size: 0x0000d958, Max: 0x00040000, ABSOLUTE, COMPRESSED[0x0000d0e4])

    Execution Region ER_IROM1 (Exec base: 0x08000000, Load base: 0x08000000, Size: 0x0000c594, Max: 0x00040000, ABSOLUTE)

    Exec Addr    Load Addr    Size         Type   Attr      Idx    E Section Name        Object

    0x08000000   0x08000000   0x00000130   Data   RO            3    RESET               startup_stm32f103xe.o
    0x08000130   0x08000130   0x00000000   Code   RO         7473  * .ARM.Collect$$$$00000000  mc_w.l(entry.o)
    0x08000130   0x08000130   0x00000004   Code   RO         7829    .ARM.Collect$$$$00000001  mc_w.l(entry2.o)
    0x08000134   0x08000134   0x00000004   Code   RO         7832    .ARM.Collect$$$$00000004  mc_w.l(entry5.o)
    0x08000138   0x08000138   0x00000000   Code   RO         7834    .ARM.Collect$$$$00000008  mc_w.l(entry7b.o)
    0x08000138   0x08000138   0x00000000   Code   RO         7836    .ARM.Collect$$$$0000000A  mc_w.l(entry8b.o)
    0x08000138   0x08000138   0x00000008   Code   RO         7837    .ARM.Collect$$$$0000000B  mc_w.l(entry9a.o)
    0x08000140   0x08000140   0x00000000   Code   RO         7839    .ARM.Collect$$$$0000000D  mc_w.l(entry10a.o)
    0x08000140   0x08000140   0x00000000   Code   RO         7841    .ARM.Collect$$$$0000000F  mc_w.l(entry11a.o)
    0x08000140   0x08000140   0x00000004   Code   RO         7830    .ARM.Collect$$$$00002712  mc_w.l(entry2.o)
    0x08000144   0x08000144   0x00000096   Code   RO         3526    .emb_text           port.o
    0x080001da   0x080001da   0x00000002   PAD
    0x080001dc   0x080001dc   0x00000024   Code   RO            4    .text               startup_stm32f103xe.o
    0x08000200   0x08000200   0x00000020   Code   RO         7476    .text               mc_w.l(llushr.o)
    0x08000220   0x08000220   0x0000000c   Code   RO         7478    .text               mc_w.l(tolower.o)
    0x0800022c   0x0800022c   0x00000008   Code   RO         7480    .text               mc_w.l(localeconv.o)
    0x08000234   0x08000234   0x00000024   Code   RO         7482    .text               mc_w.l(memcpya.o)
    0x08000258   0x08000258   0x00000024   Code   RO         7484    .text               mc_w.l(memseta.o)
    0x0800027c   0x0800027c   0x00000024   Code   RO         7488    .text               mc_w.l(strstr.o)
    0x080002a0   0x080002a0   0x00000018   Code   RO         7490    .text               mc_w.l(strncpy.o)
    0x080002b8   0x080002b8   0x0000000e   Code   RO         7492    .text               mc_w.l(strlen.o)
    0x080002c6   0x080002c6   0x0000001c   Code   RO         7494    .text               mc_w.l(strcmp.o)
    0x080002e2   0x080002e2   0x00000012   Code   RO         7498    .text               mc_w.l(strcpy.o)
    0x080002f4   0x080002f4   0x0000001e   Code   RO         7500    .text               mc_w.l(strncmp.o)
    0x08000312   0x08000312   0x00000002   PAD
    0x08000314   0x08000314   0x00000038   Code   RO         7793    .text               mc_w.l(__0sscanf.o)
    0x0800034c   0x0800034c   0x00000360   Code   RO         7795    .text               mc_w.l(scanf_fp.o)
    0x080006ac   0x080006ac   0x0000001a   Code   RO         7799    .text               mc_w.l(atoi.o)
    0x080006c6   0x080006c6   0x000000b0   Code   RO         7801    .text               mf_w.l(fadd.o)
    0x08000776   0x08000776   0x00000064   Code   RO         7803    .text               mf_w.l(fmul.o)
    0x080007da   0x080007da   0x0000007c   Code   RO         7805    .text               mf_w.l(fdiv.o)
    0x08000856   0x08000856   0x00000012   Code   RO         7807    .text               mf_w.l(fflti.o)
    0x08000868   0x08000868   0x0000000a   Code   RO         7809    .text               mf_w.l(ffltui.o)
    0x08000872   0x08000872   0x00000032   Code   RO         7813    .text               mf_w.l(ffixi.o)
    0x080008a4   0x080008a4   0x00000028   Code   RO         7815    .text               mf_w.l(ffixui.o)
    0x080008cc   0x080008cc   0x0000003e   Code   RO         7817    .text               mf_w.l(dfixi.o)
    0x0800090a   0x0800090a   0x00000002   PAD
    0x0800090c   0x0800090c   0x00000030   Code   RO         7821    .text               mf_w.l(cdcmple.o)
    0x0800093c   0x0800093c   0x00000030   Code   RO         7823    .text               mf_w.l(cdrcmple.o)
    0x0800096c   0x0800096c   0x00000014   Code   RO         7825    .text               mf_w.l(cfcmple.o)
    0x08000980   0x08000980   0x00000014   Code   RO         7827    .text               mf_w.l(cfrcmple.o)
    0x08000994   0x08000994   0x0000002c   Code   RO         7844    .text               mc_w.l(uidiv.o)
    0x080009c0   0x080009c0   0x00000062   Code   RO         7846    .text               mc_w.l(uldiv.o)
    0x08000a22   0x08000a22   0x00000002   PAD
    0x08000a24   0x08000a24   0x00000028   Code   RO         7859    .text               mc_w.l(scanf_char.o)
    0x08000a4c   0x08000a4c   0x00000040   Code   RO         7861    .text               mc_w.l(_sgetc.o)
    0x08000a8c   0x08000a8c   0x0000009c   Code   RO         7863    .text               mc_w.l(strtod.o)
    0x08000b28   0x08000b28   0x00000070   Code   RO         7865    .text               mc_w.l(strtol.o)
    0x08000b98   0x08000b98   0x00000000   Code   RO         7867    .text               mc_w.l(iusefp.o)
    0x08000b98   0x08000b98   0x0000006e   Code   RO         7868    .text               mf_w.l(fepilogue.o)
    0x08000c06   0x08000c06   0x000000ba   Code   RO         7870    .text               mf_w.l(depilogue.o)
    0x08000cc0   0x08000cc0   0x0000014e   Code   RO         7872    .text               mf_w.l(dadd.o)
    0x08000e0e   0x08000e0e   0x000000e4   Code   RO         7874    .text               mf_w.l(dmul.o)
    0x08000ef2   0x08000ef2   0x000000de   Code   RO         7876    .text               mf_w.l(ddiv.o)
    0x08000fd0   0x08000fd0   0x00000018   Code   RO         7878    .text               mf_w.l(dfltul.o)
    0x08000fe8   0x08000fe8   0x00000030   Code   RO         7880    .text               mf_w.l(dfixul.o)
    0x08001018   0x08001018   0x00000038   Code   RO         7882    .text               mf_w.l(d2f.o)
    0x08001050   0x08001050   0x00000024   Code   RO         7884    .text               mc_w.l(init.o)
    0x08001074   0x08001074   0x0000001e   Code   RO         7886    .text               mc_w.l(llshl.o)
    0x08001092   0x08001092   0x00000024   Code   RO         7888    .text               mc_w.l(llsshr.o)
    0x080010b6   0x080010b6   0x00000002   PAD
    0x080010b8   0x080010b8   0x00000008   Code   RO         7892    .text               mc_w.l(ctype_o.o)
    0x080010c0   0x080010c0   0x00000012   Code   RO         7914    .text               mc_w.l(isspace_o.o)
    0x080010d2   0x080010d2   0x00000002   PAD
    0x080010d4   0x080010d4   0x0000032c   Code   RO         7920    .text               mc_w.l(_scanf.o)
    0x08001400   0x08001400   0x0000009e   Code   RO         7922    .text               mc_w.l(_strtoul.o)
    0x0800149e   0x0800149e   0x0000001c   Code   RO         7927    .text               mc_w.l(_chval.o)
    0x080014ba   0x080014ba   0x00000056   Code   RO         7937    .text               mc_w.l(__dczerorl2.o)
    0x08001510   0x08001510   0x000000a4   Code   RO         6176    i.AM2320_Get_TempResistor  am2320.o
    0x080015b4   0x080015b4   0x00000022   Code   RO         5261    i.AT24CXX_Read      24c0x.o
    0x080015d6   0x080015d6   0x00000056   Code   RO         5263    i.AT24CXX_ReadOneByte  24c0x.o
    0x0800162c   0x0800162c   0x00000020   Code   RO         5264    i.AT24CXX_Write     24c0x.o
    0x0800164c   0x0800164c   0x0000004e   Code   RO         5266    i.AT24CXX_WriteOneByte  24c0x.o
    0x0800169a   0x0800169a   0x00000002   Code   RO          718    i.BusFault_Handler  stm32f1xx_it.o
    0x0800169c   0x0800169c   0x000001f4   Code   RO         4595    i.Button_Exe_Task   button.o
    0x08001890   0x08001890   0x00000028   Code   RO         4645    i.Buzzer_ONE_Cycle  buzzer.o
    0x080018b8   0x080018b8   0x00000028   Code   RO         4646    i.Buzzer_TWO_Cycle  buzzer.o
    0x080018e0   0x080018e0   0x00000032   Code   RO         6177    i.CRC16             am2320.o
    0x08001912   0x08001912   0x0000002e   Code   RO         6178    i.CheckCRC          am2320.o
    0x08001940   0x08001940   0x00000080   Code   RO         6245    i.Check_Board_Info  board_info.o
    0x080019c0   0x080019c0   0x000000d8   Code   RO         6246    i.Check_Date_Of_Manufacture  board_info.o
    0x08001a98   0x08001a98   0x00000044   Code   RO         5267    i.Check_Delay_Inspection  24c0x.o
    0x08001adc   0x08001adc   0x000000d4   Code   RO         6247    i.Check_Device_ID   board_info.o
    0x08001bb0   0x08001bb0   0x0000000e   Code   RO         6248    i.Check_Device_Type  board_info.o
    0x08001bbe   0x08001bbe   0x00000002   PAD
    0x08001bc0   0x08001bc0   0x000000cc   Code   RO         6249    i.Check_Hardware_Versions  board_info.o
    0x08001c8c   0x08001c8c   0x0000003c   Code   RO         6250    i.Check_Master_Control  board_info.o
    0x08001cc8   0x08001cc8   0x00000070   Code   RO         5062    i.Check_Max_And_Now_Route  relay.o
    0x08001d38   0x08001d38   0x000000d8   Code   RO         6251    i.Check_Serial_Number  board_info.o
    0x08001e10   0x08001e10   0x000000d8   Code   RO         6252    i.Check_Soft_Versions  board_info.o
    0x08001ee8   0x08001ee8   0x0000001e   Code   RO         6253    i.Check_Str_Number  board_info.o
    0x08001f06   0x08001f06   0x00000002   PAD
    0x08001f08   0x08001f08   0x00000064   Code   RO          363    i.Check_Strategy    main.o
    0x08001f6c   0x08001f6c   0x00000028   Code   RO         5063    i.Check_Stroking_Cycle  relay.o
    0x08001f94   0x08001f94   0x00000014   Code   RO         6179    i.Clear_Data        am2320.o
    0x08001fa8   0x08001fa8   0x000000fc   Code   RO         6474    i.Connect_Server    mqtt.o
    0x080020a4   0x080020a4   0x0000000c   Code   RO          719    i.DMA1_Channel6_IRQHandler  stm32f1xx_it.o
    0x080020b0   0x080020b0   0x0000000c   Code   RO          720    i.DMA1_Channel7_IRQHandler  stm32f1xx_it.o
    0x080020bc   0x080020bc   0x0000002a   Code   RO         2348    i.DMA_SetConfig     stm32f1xx_hal_dma.o
    0x080020e6   0x080020e6   0x00000002   Code   RO          721    i.DebugMon_Handler  stm32f1xx_it.o
    0x080020e8   0x080020e8   0x00000138   Code   RO         5420    i.Dispose_Function_Key  lcd12864_display_menu.o
    0x08002220   0x08002220   0x00000080   Code   RO           13    i.Exe_Strategy_Type_Route  strategy.o
    0x080022a0   0x080022a0   0x00000180   Code   RO           14    i.Exe_Strategy_Type_Temp  strategy.o
    0x08002420   0x08002420   0x00000006   Code   RO         3418    i.FATFS_LinkDriver  ff_gen_drv.o
    0x08002426   0x08002426   0x00000002   PAD
    0x08002428   0x08002428   0x00000040   Code   RO         3419    i.FATFS_LinkDriverEx  ff_gen_drv.o
    0x08002468   0x08002468   0x00000028   Code   RO          278    i.GPRS_AT           gprs.o
    0x08002490   0x08002490   0x00000018   Code   RO          279    i.GPRS_ATE0         gprs.o
    0x080024a8   0x080024a8   0x00000038   Code   RO          280    i.GPRS_AT_CGATT     gprs.o
    0x080024e0   0x080024e0   0x0000003c   Code   RO          281    i.GPRS_AT_CGDCONT   gprs.o
    0x0800251c   0x0800251c   0x00000038   Code   RO          282    i.GPRS_AT_CIPCSGP   gprs.o
    0x08002554   0x08002554   0x0000003c   Code   RO          283    i.GPRS_AT_CIPSEND   gprs.o
    0x08002590   0x08002590   0x00000088   Code   RO          284    i.GPRS_AT_CIPSTART  gprs.o
    0x08002618   0x08002618   0x00000030   Code   RO          285    i.GPRS_AT_CIPSTATUS  gprs.o
    0x08002648   0x08002648   0x0000001c   Code   RO          286    i.GPRS_AT_CSQ       gprs.o
    0x08002664   0x08002664   0x00000040   Code   RO         5064    i.G_Route_Reset     relay.o
    0x080026a4   0x080026a4   0x00000020   Code   RO         6476    i.Get_Sim800C_Signal  mqtt.o
    0x080026c4   0x080026c4   0x00000030   Code   RO         2349    i.HAL_DMA_Abort     stm32f1xx_hal_dma.o
    0x080026f4   0x080026f4   0x00000130   Code   RO         2350    i.HAL_DMA_Abort_IT  stm32f1xx_hal_dma.o
    0x08002824   0x08002824   0x00000248   Code   RO         2354    i.HAL_DMA_IRQHandler  stm32f1xx_hal_dma.o
    0x08002a6c   0x08002a6c   0x00000084   Code   RO         2355    i.HAL_DMA_Init      stm32f1xx_hal_dma.o
    0x08002af0   0x08002af0   0x00000070   Code   RO         2359    i.HAL_DMA_Start_IT  stm32f1xx_hal_dma.o
    0x08002b60   0x08002b60   0x000001e8   Code   RO         2285    i.HAL_GPIO_Init     stm32f1xx_hal_gpio.o
    0x08002d48   0x08002d48   0x0000000a   Code   RO         2287    i.HAL_GPIO_ReadPin  stm32f1xx_hal_gpio.o
    0x08002d52   0x08002d52   0x0000000a   Code   RO         2289    i.HAL_GPIO_WritePin  stm32f1xx_hal_gpio.o
    0x08002d5c   0x08002d5c   0x0000000c   Code   RO         1996    i.HAL_GetTick       stm32f1xx_hal.o
    0x08002d68   0x08002d68   0x00000010   Code   RO         2000    i.HAL_IncTick       stm32f1xx_hal.o
    0x08002d78   0x08002d78   0x00000024   Code   RO         2001    i.HAL_Init          stm32f1xx_hal.o
    0x08002d9c   0x08002d9c   0x00000040   Code   RO         2002    i.HAL_InitTick      stm32f1xx_hal.o
    0x08002ddc   0x08002ddc   0x00000090   Code   RO          812    i.HAL_MspInit       stm32f1xx_hal_msp.o
    0x08002e6c   0x08002e6c   0x00000016   Code   RO         2445    i.HAL_NVIC_EnableIRQ  stm32f1xx_hal_cortex.o
    0x08002e82   0x08002e82   0x00000002   PAD
    0x08002e84   0x08002e84   0x00000040   Code   RO         2451    i.HAL_NVIC_SetPriority  stm32f1xx_hal_cortex.o
    0x08002ec4   0x08002ec4   0x00000024   Code   RO         2452    i.HAL_NVIC_SetPriorityGrouping  stm32f1xx_hal_cortex.o
    0x08002ee8   0x08002ee8   0x0000000c   Code   RO         2567    i.HAL_PWR_EnableBkUpAccess  stm32f1xx_hal_pwr.o
    0x08002ef4   0x08002ef4   0x000000d4   Code   RO         2247    i.HAL_RCCEx_GetPeriphCLKFreq  stm32f1xx_hal_rcc_ex.o
    0x08002fc8   0x08002fc8   0x000000ec   Code   RO         2248    i.HAL_RCCEx_PeriphCLKConfig  stm32f1xx_hal_rcc_ex.o
    0x080030b4   0x080030b4   0x00000154   Code   RO         2145    i.HAL_RCC_ClockConfig  stm32f1xx_hal_rcc.o
    0x08003208   0x08003208   0x0000000c   Code   RO         2150    i.HAL_RCC_GetHCLKFreq  stm32f1xx_hal_rcc.o
    0x08003214   0x08003214   0x00000020   Code   RO         2152    i.HAL_RCC_GetPCLK1Freq  stm32f1xx_hal_rcc.o
    0x08003234   0x08003234   0x00000020   Code   RO         2153    i.HAL_RCC_GetPCLK2Freq  stm32f1xx_hal_rcc.o
    0x08003254   0x08003254   0x0000006c   Code   RO         2154    i.HAL_RCC_GetSysClockFreq  stm32f1xx_hal_rcc.o
    0x080032c0   0x080032c0   0x00000304   Code   RO         2157    i.HAL_RCC_OscConfig  stm32f1xx_hal_rcc.o
    0x080035c4   0x080035c4   0x000000d8   Code   RO         1011    i.HAL_RTC_GetTime   stm32f1xx_hal_rtc.o
    0x0800369c   0x0800369c   0x000000a0   Code   RO         1012    i.HAL_RTC_Init      stm32f1xx_hal_rtc.o
    0x0800373c   0x0800373c   0x00000034   Code   RO          814    i.HAL_RTC_MspInit   stm32f1xx_hal_msp.o
    0x08003770   0x08003770   0x000000c4   Code   RO         1018    i.HAL_RTC_SetDate   stm32f1xx_hal_rtc.o
    0x08003834   0x08003834   0x000000ac   Code   RO         1019    i.HAL_RTC_SetTime   stm32f1xx_hal_rtc.o
    0x080038e0   0x080038e0   0x0000003a   Code   RO         1020    i.HAL_RTC_WaitForSynchro  stm32f1xx_hal_rtc.o
    0x0800391a   0x0800391a   0x00000002   Code   RO         1283    i.HAL_SPI_ErrorCallback  stm32f1xx_hal_spi.o
    0x0800391c   0x0800391c   0x000000c4   Code   RO         1286    i.HAL_SPI_IRQHandler  stm32f1xx_hal_spi.o
    0x080039e0   0x080039e0   0x00000082   Code   RO         1599    i.HAL_SPI_Init      stm32f1xx_hal_spi_ex.o
    0x08003a62   0x08003a62   0x00000002   PAD
    0x08003a64   0x08003a64   0x00000068   Code   RO          816    i.HAL_SPI_MspInit   stm32f1xx_hal_msp.o
    0x08003acc   0x08003acc   0x00000018   Code   RO         2454    i.HAL_SYSTICK_CLKSourceConfig  stm32f1xx_hal_cortex.o
    0x08003ae4   0x08003ae4   0x00000028   Code   RO         2456    i.HAL_SYSTICK_Config  stm32f1xx_hal_cortex.o
    0x08003b0c   0x08003b0c   0x00000058   Code   RO         1678    i.HAL_UART_DMAStop  stm32f1xx_hal_uart.o
    0x08003b64   0x08003b64   0x00000002   Code   RO         1680    i.HAL_UART_ErrorCallback  stm32f1xx_hal_uart.o
    0x08003b66   0x08003b66   0x00000002   PAD
    0x08003b68   0x08003b68   0x00000110   Code   RO         1683    i.HAL_UART_IRQHandler  stm32f1xx_hal_uart.o
    0x08003c78   0x08003c78   0x00000062   Code   RO         1684    i.HAL_UART_Init     stm32f1xx_hal_uart.o
    0x08003cda   0x08003cda   0x00000002   PAD
    0x08003cdc   0x08003cdc   0x00000128   Code   RO          818    i.HAL_UART_MspInit  stm32f1xx_hal_msp.o
    0x08003e04   0x08003e04   0x00000098   Code   RO         1688    i.HAL_UART_Receive_DMA  stm32f1xx_hal_uart.o
    0x08003e9c   0x08003e9c   0x00000052   Code   RO         1689    i.HAL_UART_Receive_IT  stm32f1xx_hal_uart.o
    0x08003eee   0x08003eee   0x00000002   PAD
    0x08003ef0   0x08003ef0   0x00000058   Code   RO         2873    i.HAL_UART_RxCpltCallback  uart.o
    0x08003f48   0x08003f48   0x00000002   Code   RO         1691    i.HAL_UART_RxHalfCpltCallback  stm32f1xx_hal_uart.o
    0x08003f4a   0x08003f4a   0x000000ba   Code   RO         1692    i.HAL_UART_Transmit  stm32f1xx_hal_uart.o
    0x08004004   0x08004004   0x00000080   Code   RO         1693    i.HAL_UART_Transmit_DMA  stm32f1xx_hal_uart.o
    0x08004084   0x08004084   0x00000002   Code   RO         1695    i.HAL_UART_TxCpltCallback  stm32f1xx_hal_uart.o
    0x08004086   0x08004086   0x00000002   Code   RO         1696    i.HAL_UART_TxHalfCpltCallback  stm32f1xx_hal_uart.o
    0x08004088   0x08004088   0x00000014   Code   RO          722    i.HardFault_Handler  stm32f1xx_it.o
    0x0800409c   0x0800409c   0x00000088   Code   RO         5342    i.IIC_Ack           iic.o
    0x08004124   0x08004124   0x000000c4   Code   RO         5343    i.IIC_Init          iic.o
    0x080041e8   0x080041e8   0x00000088   Code   RO         5344    i.IIC_NAck          iic.o
    0x08004270   0x08004270   0x000000f0   Code   RO         5345    i.IIC_Read_Byte     iic.o
    0x08004360   0x08004360   0x000000cc   Code   RO         5346    i.IIC_Send_Byte     iic.o
    0x0800442c   0x0800442c   0x00000084   Code   RO         5347    i.IIC_Start         iic.o
    0x080044b0   0x080044b0   0x00000084   Code   RO         5348    i.IIC_Stop          iic.o
    0x08004534   0x08004534   0x000000b0   Code   RO         5349    i.IIC_Wait_Ack      iic.o
    0x080045e4   0x080045e4   0x0000002c   Code   RO         5268    i.Init_Delay_Inspection  24c0x.o
    0x08004610   0x08004610   0x0000004c   Code   RO         5945    i.Init_Humi_Comp    humi.o
    0x0800465c   0x0800465c   0x00000054   Code   RO         5065    i.Init_Max_Route    relay.o
    0x080046b0   0x080046b0   0x0000002c   Code   RO         5066    i.Init_Now_Route    relay.o
    0x080046dc   0x080046dc   0x000000a0   Code   RO           15    i.Init_Strategy     strategy.o
    0x0800477c   0x0800477c   0x0000001c   Code   RO         5067    i.Init_Stroking_Cycle  relay.o
    0x08004798   0x08004798   0x00000004   Code   RO         5891    i.LCD12864_Delay_Inspection_Key_Null_Opt  lcd12864_display_menu_delay_inspection.o
    0x0800479c   0x0800479c   0x0000003e   Code   RO         4678    i.LCD12864_Display  lcd12864.o
    0x080047da   0x080047da   0x00000002   PAD
    0x080047dc   0x080047dc   0x00000040   Code   RO         4679    i.LCD12864_Display_Clear_Success  lcd12864.o
    0x0800481c   0x0800481c   0x00000072   Code   RO         5892    i.LCD12864_Display_Delay_Inspection_Interior  lcd12864_display_menu_delay_inspection.o
    0x0800488e   0x0800488e   0x00000002   PAD
    0x08004890   0x08004890   0x00000150   Code   RO         5893    i.LCD12864_Display_Delay_Inspection_Page  lcd12864_display_menu_delay_inspection.o
    0x080049e0   0x080049e0   0x00000098   Code   RO         5894    i.LCD12864_Display_Delay_Inspection_Refresh  lcd12864_display_menu_delay_inspection.o
    0x08004a78   0x08004a78   0x0000005a   Code   RO         5421    i.LCD12864_Display_Delay_inspection  lcd12864_display_menu.o
    0x08004ad2   0x08004ad2   0x0000005a   Code   RO         5422    i.LCD12864_Display_HUMI_Compensation  lcd12864_display_menu.o
    0x08004b2c   0x08004b2c   0x00000072   Code   RO         5526    i.LCD12864_Display_HUMI_Compensation_Interior  lcd12864_display_menu_humi_compensation.o
    0x08004b9e   0x08004b9e   0x00000002   PAD
    0x08004ba0   0x08004ba0   0x00000150   Code   RO         5527    i.LCD12864_Display_HUMI_Compensation_Page  lcd12864_display_menu_humi_compensation.o
    0x08004cf0   0x08004cf0   0x00000110   Code   RO         5528    i.LCD12864_Display_HUMI_Compensation_Refresh  lcd12864_display_menu_humi_compensation.o
    0x08004e00   0x08004e00   0x0000005a   Code   RO         5423    i.LCD12864_Display_Max_Route  lcd12864_display_menu.o
    0x08004e5a   0x08004e5a   0x0000006e   Code   RO         5580    i.LCD12864_Display_Max_Route_Add  lcd12864_display_menu_max_route.o
    0x08004ec8   0x08004ec8   0x00000072   Code   RO         5581    i.LCD12864_Display_Max_Route_Interior  lcd12864_display_menu_max_route.o
    0x08004f3a   0x08004f3a   0x00000002   PAD
    0x08004f3c   0x08004f3c   0x0000010c   Code   RO         5582    i.LCD12864_Display_Max_Route_Page  lcd12864_display_menu_max_route.o
    0x08005048   0x08005048   0x000000b8   Code   RO         5583    i.LCD12864_Display_Max_Route_Refresh  lcd12864_display_menu_max_route.o
    0x08005100   0x08005100   0x00000066   Code   RO         5584    i.LCD12864_Display_Max_Route_Sub  lcd12864_display_menu_max_route.o
    0x08005166   0x08005166   0x00000002   PAD
    0x08005168   0x08005168   0x000000b0   Code   RO         5424    i.LCD12864_Display_Menu  lcd12864_display_menu.o
    0x08005218   0x08005218   0x0000012e   Code   RO         5425    i.LCD12864_Display_Menu_Option_Refresh  lcd12864_display_menu.o
    0x08005346   0x08005346   0x0000006a   Code   RO         5646    i.LCD12864_Display_Now_Route  lcd12864_display_menu_route_reset.o
    0x080053b0   0x080053b0   0x00000060   Code   RO         5647    i.LCD12864_Display_Now_Route_Refresh  lcd12864_display_menu_route_reset.o
    0x08005410   0x08005410   0x0000005a   Code   RO         5427    i.LCD12864_Display_Route_Reset  lcd12864_display_menu.o
    0x0800546a   0x0800546a   0x00000002   PAD
    0x0800546c   0x0800546c   0x000000a4   Code   RO         5648    i.LCD12864_Display_Route_Reset_Page  lcd12864_display_menu_route_reset.o
    0x08005510   0x08005510   0x00000058   Code   RO         5428    i.LCD12864_Display_Set_Strategy  lcd12864_display_menu.o
    0x08005568   0x08005568   0x00000148   Code   RO         5159    i.LCD12864_Display_Set_Strategy_Refresh  lcd12864_display_menu_set_strategy.o
    0x080056b0   0x080056b0   0x0000005a   Code   RO         5429    i.LCD12864_Display_Set_Time  lcd12864_display_menu.o
    0x0800570a   0x0800570a   0x00000066   Code   RO         5782    i.LCD12864_Display_Set_Time_Interior  lcd12864_display_menu_set_time.o
    0x08005770   0x08005770   0x00000144   Code   RO         5783    i.LCD12864_Display_Set_Time_Page  lcd12864_display_menu_set_time.o
    0x080058b4   0x080058b4   0x000001c0   Code   RO         5784    i.LCD12864_Display_Set_Time_Refresh  lcd12864_display_menu_set_time.o
    0x08005a74   0x08005a74   0x0000005a   Code   RO         5430    i.LCD12864_Display_Stroking_Cycle  lcd12864_display_menu.o
    0x08005ace   0x08005ace   0x0000004e   Code   RO         5837    i.LCD12864_Display_Stroking_Cycle_Interior  lcd12864_display_menu_stroking_cycle.o
    0x08005b1c   0x08005b1c   0x00000118   Code   RO         5838    i.LCD12864_Display_Stroking_Cycle_Page  lcd12864_display_menu_stroking_cycle.o
    0x08005c34   0x08005c34   0x0000008c   Code   RO         5839    i.LCD12864_Display_Stroking_Cycle_Refresh  lcd12864_display_menu_stroking_cycle.o
    0x08005cc0   0x08005cc0   0x00000040   Code   RO         4680    i.LCD12864_Display_Success  lcd12864.o
    0x08005d00   0x08005d00   0x0000005a   Code   RO         5431    i.LCD12864_Display_Version_Information  lcd12864_display_menu.o
    0x08005d5a   0x08005d5a   0x00000004   Code   RO         5529    i.LCD12864_HUMI_Compensation_Key_Null_Opt  lcd12864_display_menu_humi_compensation.o
    0x08005d5e   0x08005d5e   0x00000002   PAD
    0x08005d60   0x08005d60   0x00000094   Code   RO         4681    i.LCD12864_Init     lcd12864.o
    0x08005df4   0x08005df4   0x00000040   Code   RO         5432    i.LCD12864_Key_Null_Opt  lcd12864_display_menu.o
    0x08005e34   0x08005e34   0x00000004   Code   RO         5585    i.LCD12864_Max_Route_Key_Null_Opt  lcd12864_display_menu_max_route.o
    0x08005e38   0x08005e38   0x0000007c   Code   RO         4682    i.LCD12864_Put_16_16_Char  lcd12864.o
    0x08005eb4   0x08005eb4   0x00000070   Code   RO         4683    i.LCD12864_Put_8_16_Char  lcd12864.o
    0x08005f24   0x08005f24   0x000000a0   Code   RO         4684    i.LCD12864_Put_HUMI  lcd12864.o
    0x08005fc4   0x08005fc4   0x00000058   Code   RO         4685    i.LCD12864_Put_Motor_Situation  lcd12864.o
    0x0800601c   0x0800601c   0x00000002   Code   RO         4686    i.LCD12864_Put_Open_Mouth_And_Time  lcd12864.o
    0x0800601e   0x0800601e   0x00000002   PAD
    0x08006020   0x08006020   0x00000038   Code   RO         4687    i.LCD12864_Put_RH   lcd12864.o
    0x08006058   0x08006058   0x00000050   Code   RO         4688    i.LCD12864_Put_Signel_Sim  lcd12864.o
    0x080060a8   0x080060a8   0x0000004e   Code   RO         4690    i.LCD12864_Put_Str_At_Present_Mode  lcd12864.o
    0x080060f6   0x080060f6   0x00000002   PAD
    0x080060f8   0x080060f8   0x00000060   Code   RO         4691    i.LCD12864_Put_Str_Welcome  lcd12864.o
    0x08006158   0x08006158   0x00000058   Code   RO         4692    i.LCD12864_Put_Symbol_C  lcd12864.o
    0x080061b0   0x080061b0   0x0000001e   Code   RO         4693    i.LCD12864_Put_Symbol_RH  lcd12864.o
    0x080061ce   0x080061ce   0x00000002   PAD
    0x080061d0   0x080061d0   0x00000060   Code   RO         4694    i.LCD12864_Refresh_Route  lcd12864.o
    0x08006230   0x08006230   0x0000008c   Code   RO         4695    i.LCD12864_Refresh_Time  lcd12864.o
    0x080062bc   0x080062bc   0x0000017c   Code   RO         5700    i.LCD12864_Set_Strategy_Info_Down_Key_Opt  lcd12864_display_menu_set_strategy_info.o
    0x08006438   0x08006438   0x000000c0   Code   RO         5701    i.LCD12864_Set_Strategy_Info_Line1  lcd12864_display_menu_set_strategy_info.o
    0x080064f8   0x080064f8   0x00000094   Code   RO         5702    i.LCD12864_Set_Strategy_Info_Line2  lcd12864_display_menu_set_strategy_info.o
    0x0800658c   0x0800658c   0x000000d0   Code   RO         5703    i.LCD12864_Set_Strategy_Info_Line3  lcd12864_display_menu_set_strategy_info.o
    0x0800665c   0x0800665c   0x000001bc   Code   RO         5704    i.LCD12864_Set_Strategy_Info_Line4  lcd12864_display_menu_set_strategy_info.o
    0x08006818   0x08006818   0x00000114   Code   RO         5705    i.LCD12864_Set_Strategy_Info_Page  lcd12864_display_menu_set_strategy_info.o
    0x0800692c   0x0800692c   0x00000026   Code   RO         5706    i.LCD12864_Set_Strategy_Info_Refresh  lcd12864_display_menu_set_strategy_info.o
    0x08006952   0x08006952   0x00000002   PAD
    0x08006954   0x08006954   0x0000019c   Code   RO         5707    i.LCD12864_Set_Strategy_Info_Up_Key_Opt  lcd12864_display_menu_set_strategy_info.o
    0x08006af0   0x08006af0   0x0000010c   Code   RO         5160    i.LCD12864_Set_Strategy_Line  lcd12864_display_menu_set_strategy.o
    0x08006bfc   0x08006bfc   0x0000000c   Code   RO         5161    i.LCD12864_Set_Strategy_Line1  lcd12864_display_menu_set_strategy.o
    0x08006c08   0x08006c08   0x0000000c   Code   RO         5162    i.LCD12864_Set_Strategy_Line2  lcd12864_display_menu_set_strategy.o
    0x08006c14   0x08006c14   0x0000000c   Code   RO         5163    i.LCD12864_Set_Strategy_Line3  lcd12864_display_menu_set_strategy.o
    0x08006c20   0x08006c20   0x0000000c   Code   RO         5164    i.LCD12864_Set_Strategy_Line4  lcd12864_display_menu_set_strategy.o
    0x08006c2c   0x08006c2c   0x0000000c   Code   RO         5165    i.LCD12864_Set_Strategy_Line5  lcd12864_display_menu_set_strategy.o
    0x08006c38   0x08006c38   0x0000000c   Code   RO         5166    i.LCD12864_Set_Strategy_Line6  lcd12864_display_menu_set_strategy.o
    0x08006c44   0x08006c44   0x0000000c   Code   RO         5167    i.LCD12864_Set_Strategy_Line7  lcd12864_display_menu_set_strategy.o
    0x08006c50   0x08006c50   0x0000000c   Code   RO         5168    i.LCD12864_Set_Strategy_Line8  lcd12864_display_menu_set_strategy.o
    0x08006c5c   0x08006c5c   0x00000110   Code   RO         5169    i.LCD12864_Set_Strategy_Menu  lcd12864_display_menu_set_strategy.o
    0x08006d6c   0x08006d6c   0x00000004   Code   RO         5785    i.LCD12864_Set_Time_Key_Null_Opt  lcd12864_display_menu_set_time.o
    0x08006d70   0x08006d70   0x00000004   Code   RO         5840    i.LCD12864_Stroking_Cycle_Key_Null_Opt  lcd12864_display_menu_stroking_cycle.o
    0x08006d74   0x08006d74   0x0000001c   Code   RO          636    i.MX_FATFS_Init     fatfs.o
    0x08006d90   0x08006d90   0x00000148   Code   RO          364    i.MX_GPIO_Init      main.o
    0x08006ed8   0x08006ed8   0x00000078   Code   RO          365    i.MX_RTC_Init       main.o
    0x08006f50   0x08006f50   0x0000004c   Code   RO          366    i.MX_SPI1_Init      main.o
    0x08006f9c   0x08006f9c   0x0000003c   Code   RO          367    i.MX_USART1_UART_Init  main.o
    0x08006fd8   0x08006fd8   0x0000003c   Code   RO          368    i.MX_USART2_UART_Init  main.o
    0x08007014   0x08007014   0x00000002   Code   RO          723    i.MemManage_Handler  stm32f1xx_it.o
    0x08007016   0x08007016   0x00000002   PAD
    0x08007018   0x08007018   0x00000060   Code   RO         5068    i.Motor_Forward     relay.o
    0x08007078   0x08007078   0x00000064   Code   RO         5069    i.Motor_Reverses    relay.o
    0x080070dc   0x080070dc   0x00000098   Code   RO         5070    i.Motor_Stop        relay.o
    0x08007174   0x08007174   0x00000002   Code   RO          724    i.NMI_Handler       stm32f1xx_it.o
    0x08007176   0x08007176   0x00000020   Code   RO         2458    i.NVIC_SetPriority  stm32f1xx_hal_cortex.o
    0x08007196   0x08007196   0x00000012   Code   RO         1021    i.RTC_Bcd2ToByte    stm32f1xx_hal_rtc.o
    0x080071a8   0x080071a8   0x00000016   Code   RO         1022    i.RTC_ByteToBcd2    stm32f1xx_hal_rtc.o
    0x080071be   0x080071be   0x000000ae   Code   RO         1023    i.RTC_DateUpdate    stm32f1xx_hal_rtc.o
    0x0800726c   0x0800726c   0x00000034   Code   RO         1024    i.RTC_EnterInitMode  stm32f1xx_hal_rtc.o
    0x080072a0   0x080072a0   0x00000036   Code   RO         1025    i.RTC_ExitInitMode  stm32f1xx_hal_rtc.o
    0x080072d6   0x080072d6   0x0000000e   Code   RO         1026    i.RTC_ReadAlarmCounter  stm32f1xx_hal_rtc.o
    0x080072e4   0x080072e4   0x00000020   Code   RO         1027    i.RTC_ReadTimeCounter  stm32f1xx_hal_rtc.o
    0x08007304   0x08007304   0x00000056   Code   RO         1028    i.RTC_WeekDayNum    stm32f1xx_hal_rtc.o
    0x0800735a   0x0800735a   0x00000028   Code   RO         1029    i.RTC_WriteAlarmCounter  stm32f1xx_hal_rtc.o
    0x08007382   0x08007382   0x00000028   Code   RO         1030    i.RTC_WriteTimeCounter  stm32f1xx_hal_rtc.o
    0x080073aa   0x080073aa   0x00000002   PAD
    0x080073ac   0x080073ac   0x00000080   Code   RO         6180    i.ReadNByte         am2320.o
    0x0800742c   0x0800742c   0x00000064   Code   RO         6380    i.Recv_CSQ_Opt      sim800c_scheduler_data.o
    0x08007490   0x08007490   0x000000dc   Code   RO         6381    i.Recv_Data_Opt     sim800c_scheduler_data.o
    0x0800756c   0x0800756c   0x000000ac   Code   RO         6382    i.Recv_SEND_OK_Opt  sim800c_scheduler_data.o
    0x08007618   0x08007618   0x000000a8   Code   RO         6383    i.Recv_Symbol_Opt   sim800c_scheduler_data.o
    0x080076c0   0x080076c0   0x00000044   Code   RO         5071    i.Relay_key_Opt     relay.o
    0x08007704   0x08007704   0x0000003c   Code   RO         2874    i.Reset_Uart_DMA    uart.o
    0x08007740   0x08007740   0x00000038   Code   RO         5350    i.SDA_IN            iic.o
    0x08007778   0x08007778   0x00000038   Code   RO         5351    i.SDA_OUT           iic.o
    0x080077b0   0x080077b0   0x0000000c   Code   RO          725    i.SPI1_IRQHandler   stm32f1xx_it.o
    0x080077bc   0x080077bc   0x00000010   Code   RO         1315    i.SPI_DMAAbortOnError  stm32f1xx_hal_spi.o
    0x080077cc   0x080077cc   0x00000022   Code   RO         4971    i.Save_G_Now_Route  monitor_in1.o
    0x080077ee   0x080077ee   0x00000002   PAD
    0x080077f0   0x080077f0   0x00000214   Code   RO         4596    i.Scan_Button_Task  button.o
    0x08007a04   0x08007a04   0x000000a8   Code   RO         4696    i.Send_Notify       lcd12864.o
    0x08007aac   0x08007aac   0x0000002c   Code   RO         2875    i.Send_To_Uart2_Str  uart.o
    0x08007ad8   0x08007ad8   0x0000011c   Code   RO          369    i.StartDefaultTask  main.o
    0x08007bf4   0x08007bf4   0x00000040   Code   RO         4597    i.Start_Button_Task  button.o
    0x08007c34   0x08007c34   0x000000b4   Code   RO         4891    i.Start_Check_Stroking_Cycle_Task  check_stroking_cycle.o
    0x08007ce8   0x08007ce8   0x0000001c   Code   RO          370    i.Start_Delete_Task  main.o
    0x08007d04   0x08007d04   0x0000003c   Code   RO         5946    i.Start_HUMI_Task   humi.o
    0x08007d40   0x08007d40   0x0000002e   Code   RO         5895    i.Start_LCD12864_Delay_Inspection_Task  lcd12864_display_menu_delay_inspection.o
    0x08007d6e   0x08007d6e   0x00000002   PAD
    0x08007d70   0x08007d70   0x00000070   Code   RO         4697    i.Start_LCD12864_Display_HUMI_Task  lcd12864.o
    0x08007de0   0x08007de0   0x00000038   Code   RO         5433    i.Start_LCD12864_Display_Menu_Task  lcd12864_display_menu.o
    0x08007e18   0x08007e18   0x0000002e   Code   RO         5530    i.Start_LCD12864_HUMI_Compensation_Task  lcd12864_display_menu_humi_compensation.o
    0x08007e46   0x08007e46   0x0000002e   Code   RO         5586    i.Start_LCD12864_Max_Route_Task  lcd12864_display_menu_max_route.o
    0x08007e74   0x08007e74   0x0000002e   Code   RO         5650    i.Start_LCD12864_Route_Reset_Task  lcd12864_display_menu_route_reset.o
    0x08007ea2   0x08007ea2   0x00000034   Code   RO         5708    i.Start_LCD12864_Set_Strategy_Info_Task  lcd12864_display_menu_set_strategy_info.o
    0x08007ed6   0x08007ed6   0x0000002e   Code   RO         5170    i.Start_LCD12864_Set_Strategy_Task  lcd12864_display_menu_set_strategy.o
    0x08007f04   0x08007f04   0x0000002e   Code   RO         5786    i.Start_LCD12864_Set_Time_Task  lcd12864_display_menu_set_time.o
    0x08007f32   0x08007f32   0x0000002e   Code   RO         5841    i.Start_LCD12864_Stroking_Cycle_Task  lcd12864_display_menu_stroking_cycle.o
    0x08007f60   0x08007f60   0x00000100   Code   RO         4698    i.Start_LCD12864_Task  lcd12864.o
    0x08008060   0x08008060   0x00000024   Code   RO         6048    i.Start_LED_Task    led.o
    0x08008084   0x08008084   0x00000130   Code   RO         4972    i.Start_Monitor_IN1_Task  monitor_in1.o
    0x080081b4   0x080081b4   0x000000b8   Code   RO         6049    i.Start_RUN_LED_Task  led.o
    0x0800826c   0x0800826c   0x000000b4   Code   RO         6436    i.Start_Recv_Onenet_data_Task  sim800c_recv_onenet_data.o
    0x08008320   0x08008320   0x00000058   Code   RO         5072    i.Start_Relay_Task  relay.o
    0x08008378   0x08008378   0x000000dc   Code   RO         6085    i.Start_Reset_Sim800c_Task  sim800c.o
    0x08008454   0x08008454   0x00000098   Code   RO         6384    i.Start_Scheduler_data_Task  sim800c_scheduler_data.o
    0x080084ec   0x080084ec   0x00000030   Code   RO         6338    i.Start_Send_State_data_Task  sim800c_send_state_data.o
    0x0800851c   0x0800851c   0x000000ac   Code   RO         6086    i.Start_Sim800c_Task  sim800c.o
    0x080085c8   0x080085c8   0x000000d8   Code   RO           16    i.Start_Strategy_Task  strategy.o
    0x080086a0   0x080086a0   0x0000000e   Code   RO          726    i.SysTick_Handler   stm32f1xx_it.o
    0x080086ae   0x080086ae   0x00000002   PAD
    0x080086b0   0x080086b0   0x00000098   Code   RO          371    i.SystemClock_Config  main.o
    0x08008748   0x08008748   0x00000048   Code   RO         2947    i.SystemInit        system_stm32f1xx.o
    0x08008790   0x08008790   0x00000054   Code   RO         6181    i.Test_Ack          am2320.o
    0x080087e4   0x080087e4   0x00000010   Code   RO         1697    i.UART_DMAAbortOnError  stm32f1xx_hal_uart.o
    0x080087f4   0x080087f4   0x0000004a   Code   RO         1698    i.UART_DMAError     stm32f1xx_hal_uart.o
    0x0800883e   0x0800883e   0x0000003c   Code   RO         1699    i.UART_DMAReceiveCplt  stm32f1xx_hal_uart.o
    0x0800887a   0x0800887a   0x0000000a   Code   RO         1701    i.UART_DMARxHalfCplt  stm32f1xx_hal_uart.o
    0x08008884   0x08008884   0x0000002e   Code   RO         1703    i.UART_DMATransmitCplt  stm32f1xx_hal_uart.o
    0x080088b2   0x080088b2   0x0000000a   Code   RO         1705    i.UART_DMATxHalfCplt  stm32f1xx_hal_uart.o
    0x080088bc   0x080088bc   0x0000001c   Code   RO         1707    i.UART_EndRxTransfer  stm32f1xx_hal_uart.o
    0x080088d8   0x080088d8   0x00000012   Code   RO         1708    i.UART_EndTxTransfer  stm32f1xx_hal_uart.o
    0x080088ea   0x080088ea   0x00000096   Code   RO         1709    i.UART_Receive_IT   stm32f1xx_hal_uart.o
    0x08008980   0x08008980   0x00000170   Code   RO         1710    i.UART_SetConfig    stm32f1xx_hal_uart.o
    0x08008af0   0x08008af0   0x00000062   Code   RO         1711    i.UART_Transmit_IT  stm32f1xx_hal_uart.o
    0x08008b52   0x08008b52   0x00000064   Code   RO         1712    i.UART_WaitOnFlagUntilTimeout  stm32f1xx_hal_uart.o
    0x08008bb6   0x08008bb6   0x00000002   PAD
    0x08008bb8   0x08008bb8   0x0000000c   Code   RO          727    i.USART1_IRQHandler  stm32f1xx_it.o
    0x08008bc4   0x08008bc4   0x0000000c   Code   RO          728    i.USART2_IRQHandler  stm32f1xx_it.o
    0x08008bd0   0x08008bd0   0x00000010   Code   RO          555    i.USER_initialize   user_diskio.o
    0x08008be0   0x08008be0   0x00000004   Code   RO          556    i.USER_ioctl        user_diskio.o
    0x08008be4   0x08008be4   0x00000004   Code   RO          557    i.USER_read         user_diskio.o
    0x08008be8   0x08008be8   0x00000010   Code   RO          558    i.USER_status       user_diskio.o
    0x08008bf8   0x08008bf8   0x00000004   Code   RO          559    i.USER_write        user_diskio.o
    0x08008bfc   0x08008bfc   0x00000002   Code   RO          729    i.UsageFault_Handler  stm32f1xx_it.o
    0x08008bfe   0x08008bfe   0x00000024   Code   RO         6182    i.Waken             am2320.o
    0x08008c22   0x08008c22   0x00000002   PAD
    0x08008c24   0x08008c24   0x0000008c   Code   RO         4699    i.WriteCommand      lcd12864.o
    0x08008cb0   0x08008cb0   0x00000080   Code   RO         6183    i.WriteNByte        am2320.o
    0x08008d30   0x08008d30   0x0000008c   Code   RO         4700    i.Write_Data        lcd12864.o
    0x08008dbc   0x08008dbc   0x00000018   Code   RO          372    i._Error_Handler    main.o
    0x08008dd4   0x08008dd4   0x00000020   Code   RO         7737    i.__0printf         mc_w.l(printfa.o)
    0x08008df4   0x08008df4   0x00000028   Code   RO         7739    i.__0sprintf        mc_w.l(printfa.o)
    0x08008e1c   0x08008e1c   0x00000008   Code   RO         7852    i.__aeabi_errno_addr  mc_w.l(errno.o)
    0x08008e24   0x08008e24   0x0000000e   Code   RO         7931    i.__scatterload_copy  mc_w.l(handlers.o)
    0x08008e32   0x08008e32   0x00000002   Code   RO         7932    i.__scatterload_null  mc_w.l(handlers.o)
    0x08008e34   0x08008e34   0x0000000e   Code   RO         7933    i.__scatterload_zeroinit  mc_w.l(handlers.o)
    0x08008e42   0x08008e42   0x00000002   PAD
    0x08008e44   0x08008e44   0x00000184   Code   RO         7744    i._fp_digits        mc_w.l(printfa.o)
    0x08008fc8   0x08008fc8   0x0000000e   Code   RO         7797    i._is_digit         mc_w.l(scanf_fp.o)
    0x08008fd6   0x08008fd6   0x00000002   PAD
    0x08008fd8   0x08008fd8   0x000006dc   Code   RO         7745    i._printf_core      mc_w.l(printfa.o)
    0x080096b4   0x080096b4   0x00000024   Code   RO         7746    i._printf_post_padding  mc_w.l(printfa.o)
    0x080096d8   0x080096d8   0x0000002e   Code   RO         7747    i._printf_pre_padding  mc_w.l(printfa.o)
    0x08009706   0x08009706   0x0000000a   Code   RO         7749    i._sputc            mc_w.l(printfa.o)
    0x08009710   0x08009710   0x0000002c   Code   RO         6963    i.buffer_skip_whitespace  cjson.o
    0x0800973c   0x0800973c   0x00000048   Code   RO         6983    i.cJSON_Delete      cjson.o
    0x08009784   0x08009784   0x00000006   Code   RO         6995    i.cJSON_GetObjectItem  cjson.o
    0x0800978a   0x0800978a   0x00000016   Code   RO         7011    i.cJSON_New_Item    cjson.o
    0x080097a0   0x080097a0   0x00000008   Code   RO         7012    i.cJSON_Parse       cjson.o
    0x080097a8   0x080097a8   0x000000b4   Code   RO         7013    i.cJSON_ParseWithOpts  cjson.o
    0x0800985c   0x0800985c   0x0000000c   Code   RO         7014    i.cJSON_Print       cjson.o
    0x08009868   0x08009868   0x00000044   Code   RO         4865    i.delay_us          delay.o
    0x080098ac   0x080098ac   0x00000068   Code   RO         3889    i.eTaskGetState     tasks.o
    0x08009914   0x08009914   0x0000008a   Code   RO         7028    i.ensure            cjson.o
    0x0800999e   0x0800999e   0x00000002   PAD
    0x080099a0   0x080099a0   0x00000024   Code   RO          373    i.fputc             main.o
    0x080099c4   0x080099c4   0x00000050   Code   RO         7765    i.free              mc_w.l(malloc.o)
    0x08009a14   0x08009a14   0x0000000c   Code   RO         7030    i.get_decimal_point  cjson.o
    0x08009a20   0x08009a20   0x00000070   Code   RO         7031    i.get_object_item   cjson.o
    0x08009a90   0x08009a90   0x00000174   Code   RO         6087    i.init_Sim800C      sim800c.o
    0x08009c04   0x08009c04   0x00000088   Code   RO          374    i.main              main.o
    0x08009c8c   0x08009c8c   0x0000000c   Code   RO         4225    i.makeFreeRtosPriority  cmsis_os.o
    0x08009c98   0x08009c98   0x00000040   Code   RO          873    i.mem_free          malloc.o
    0x08009cd8   0x08009cd8   0x00000028   Code   RO          874    i.mem_init          malloc.o
    0x08009d00   0x08009d00   0x0000005c   Code   RO          875    i.mem_malloc        malloc.o
    0x08009d5c   0x08009d5c   0x0000002c   Code   RO          876    i.mem_perused       malloc.o
    0x08009d88   0x08009d88   0x00000014   Code   RO          877    i.myfree            malloc.o
    0x08009d9c   0x08009d9c   0x0000001c   Code   RO          878    i.mymalloc          malloc.o
    0x08009db8   0x08009db8   0x00000012   Code   RO          879    i.mymemcpy          malloc.o
    0x08009dca   0x08009dca   0x00000002   PAD
    0x08009dcc   0x08009dcc   0x0000000e   Code   RO          880    i.mymemset          malloc.o
    0x08009dda   0x08009dda   0x00000002   PAD
    0x08009ddc   0x08009ddc   0x00000034   Code   RO          881    i.myrealloc         malloc.o
    0x08009e10   0x08009e10   0x0000000e   Code   RO         4227    i.osDelay           cmsis_os.o
    0x08009e1e   0x08009e1e   0x0000000a   Code   RO         4230    i.osKernelStart     cmsis_os.o
    0x08009e28   0x08009e28   0x00000014   Code   RO         4263    i.osSystickHandler  cmsis_os.o
    0x08009e3c   0x08009e3c   0x0000002e   Code   RO         4264    i.osThreadCreate    cmsis_os.o
    0x08009e6a   0x08009e6a   0x0000000a   Code   RO         4273    i.osThreadTerminate  cmsis_os.o
    0x08009e74   0x08009e74   0x000000cc   Code   RO         7032    i.parse_array       cjson.o
    0x08009f40   0x08009f40   0x00000040   Code   RO         7033    i.parse_hex4        cjson.o
    0x08009f80   0x08009f80   0x000000f0   Code   RO         7034    i.parse_number      cjson.o
    0x0800a070   0x0800a070   0x00000106   Code   RO         7035    i.parse_object      cjson.o
    0x0800a176   0x0800a176   0x0000010c   Code   RO         7036    i.parse_string      cjson.o
    0x0800a282   0x0800a282   0x00000002   PAD
    0x0800a284   0x0800a284   0x000000fc   Code   RO         7037    i.parse_value       cjson.o
    0x0800a380   0x0800a380   0x00000092   Code   RO         7038    i.print             cjson.o
    0x0800a412   0x0800a412   0x00000096   Code   RO         7039    i.print_array       cjson.o
    0x0800a4a8   0x0800a4a8   0x000000a8   Code   RO         7040    i.print_number      cjson.o
    0x0800a550   0x0800a550   0x00000140   Code   RO         7041    i.print_object      cjson.o
    0x0800a690   0x0800a690   0x00000110   Code   RO         7042    i.print_string_ptr  cjson.o
    0x0800a7a0   0x0800a7a0   0x000000dc   Code   RO         7043    i.print_value       cjson.o
    0x0800a87c   0x0800a87c   0x00000070   Code   RO         3891    i.prvAddCurrentTaskToDelayedList  tasks.o
    0x0800a8ec   0x0800a8ec   0x000000d0   Code   RO         3892    i.prvAddNewTaskToReadyList  tasks.o
    0x0800a9bc   0x0800a9bc   0x00000050   Code   RO         3893    i.prvCheckTasksWaitingTermination  tasks.o
    0x0800aa0c   0x0800aa0c   0x00000026   Code   RO         3735    i.prvCopyDataFromQueue  queue.o
    0x0800aa32   0x0800aa32   0x0000006c   Code   RO         3736    i.prvCopyDataToQueue  queue.o
    0x0800aa9e   0x0800aa9e   0x00000014   Code   RO         3894    i.prvDeleteTCB      tasks.o
    0x0800aab2   0x0800aab2   0x00000002   PAD
    0x0800aab4   0x0800aab4   0x0000004c   Code   RO         3465    i.prvHeapInit       heap_4.o
    0x0800ab00   0x0800ab00   0x00000028   Code   RO         3895    i.prvIdleTask       tasks.o
    0x0800ab28   0x0800ab28   0x0000009c   Code   RO         3896    i.prvInitialiseNewTask  tasks.o
    0x0800abc4   0x0800abc4   0x0000004c   Code   RO         3466    i.prvInsertBlockIntoFreeList  heap_4.o
    0x0800ac10   0x0800ac10   0x0000001c   Code   RO         3737    i.prvIsQueueEmpty   queue.o
    0x0800ac2c   0x0800ac2c   0x00000020   Code   RO         3898    i.prvResetNextTaskUnblockTime  tasks.o
    0x0800ac4c   0x0800ac4c   0x00000014   Code   RO         3899    i.prvTaskCheckFreeStackSpace  tasks.o
    0x0800ac60   0x0800ac60   0x00000028   Code   RO         3527    i.prvTaskExitError  port.o
    0x0800ac88   0x0800ac88   0x00000034   Code   RO         3900    i.prvTaskIsTaskSuspended  tasks.o
    0x0800acbc   0x0800acbc   0x0000006a   Code   RO         3738    i.prvUnlockQueue    queue.o
    0x0800ad26   0x0800ad26   0x00000002   PAD
    0x0800ad28   0x0800ad28   0x000000d8   Code   RO         3467    i.pvPortMalloc      heap_4.o
    0x0800ae00   0x0800ae00   0x00000018   Code   RO         3901    i.pvTaskIncrementMutexHeldCount  tasks.o
    0x0800ae18   0x0800ae18   0x00000024   Code   RO         3528    i.pxPortInitialiseStack  port.o
    0x0800ae3c   0x0800ae3c   0x00000060   Code   RO         6088    i.reset_Sim800C     sim800c.o
    0x0800ae9c   0x0800ae9c   0x0000001c   Code   RO         7470    i.strtod            m_ws.l(strtod.o)
    0x0800aeb8   0x0800aeb8   0x0000001c   Code   RO         7045    i.update_offset     cjson.o
    0x0800aed4   0x0800aed4   0x000000d2   Code   RO         7046    i.utf16_literal_to_utf8  cjson.o
    0x0800afa6   0x0800afa6   0x00000024   Code   RO         3698    i.uxListRemove      list.o
    0x0800afca   0x0800afca   0x00000016   Code   RO         3699    i.vListInitialise   list.o
    0x0800afe0   0x0800afe0   0x00000006   Code   RO         3700    i.vListInitialiseItem  list.o
    0x0800afe6   0x0800afe6   0x00000030   Code   RO         3701    i.vListInsert       list.o
    0x0800b016   0x0800b016   0x00000018   Code   RO         3702    i.vListInsertEnd    list.o
    0x0800b02e   0x0800b02e   0x00000002   PAD
    0x0800b030   0x0800b030   0x00000040   Code   RO         3530    i.vPortEnterCritical  port.o
    0x0800b070   0x0800b070   0x00000028   Code   RO         3531    i.vPortExitCritical  port.o
    0x0800b098   0x0800b098   0x0000005c   Code   RO         3468    i.vPortFree         heap_4.o
    0x0800b0f4   0x0800b0f4   0x00000020   Code   RO         3532    i.vPortSetupTimerInterrupt  port.o
    0x0800b114   0x0800b114   0x00000054   Code   RO         3533    i.vPortValidateInterruptPriority  port.o
    0x0800b168   0x0800b168   0x0000004c   Code   RO         3910    i.vTaskDelay        tasks.o
    0x0800b1b4   0x0800b1b4   0x000000ac   Code   RO         3911    i.vTaskDelete       tasks.o
    0x0800b260   0x0800b260   0x00000078   Code   RO         3913    i.vTaskGetInfo      tasks.o
    0x0800b2d8   0x0800b2d8   0x0000000c   Code   RO         3914    i.vTaskMissedYield  tasks.o
    0x0800b2e4   0x0800b2e4   0x00000030   Code   RO         3916    i.vTaskPlaceOnEventList  tasks.o
    0x0800b314   0x0800b314   0x00000084   Code   RO         3918    i.vTaskPriorityInherit  tasks.o
    0x0800b398   0x0800b398   0x0000007c   Code   RO         3920    i.vTaskResume       tasks.o
    0x0800b414   0x0800b414   0x00000024   Code   RO         3922    i.vTaskSetTimeOutState  tasks.o
    0x0800b438   0x0800b438   0x00000068   Code   RO         3923    i.vTaskStartScheduler  tasks.o
    0x0800b4a0   0x0800b4a0   0x000000b0   Code   RO         3924    i.vTaskSuspend      tasks.o
    0x0800b550   0x0800b550   0x00000010   Code   RO         3925    i.vTaskSuspendAll   tasks.o
    0x0800b560   0x0800b560   0x0000005c   Code   RO         3926    i.vTaskSwitchContext  tasks.o
    0x0800b5bc   0x0800b5bc   0x0000000c   Code   RO         3470    i.xPortGetFreeHeapSize  heap_4.o
    0x0800b5c8   0x0800b5c8   0x00000074   Code   RO         3534    i.xPortStartScheduler  port.o
    0x0800b63c   0x0800b63c   0x0000002c   Code   RO         3535    i.xPortSysTickHandler  port.o
    0x0800b668   0x0800b668   0x00000024   Code   RO         3748    i.xQueueCreateMutex  queue.o
    0x0800b68c   0x0800b68c   0x00000052   Code   RO         3749    i.xQueueGenericCreate  queue.o
    0x0800b6de   0x0800b6de   0x00000002   PAD
    0x0800b6e0   0x0800b6e0   0x0000016c   Code   RO         3750    i.xQueueGenericReceive  queue.o
    0x0800b84c   0x0800b84c   0x00000088   Code   RO         3751    i.xQueueGenericReset  queue.o
    0x0800b8d4   0x0800b8d4   0x00000160   Code   RO         3752    i.xQueueGenericSend  queue.o
    0x0800ba34   0x0800ba34   0x0000009c   Code   RO         3754    i.xQueueGiveFromISR  queue.o
    0x0800bad0   0x0800bad0   0x0000006c   Code   RO         3927    i.xTaskCheckForTimeOut  tasks.o
    0x0800bb3c   0x0800bb3c   0x00000056   Code   RO         3928    i.xTaskCreate       tasks.o
    0x0800bb92   0x0800bb92   0x00000002   PAD
    0x0800bb94   0x0800bb94   0x000000cc   Code   RO         3929    i.xTaskGenericNotify  tasks.o
    0x0800bc60   0x0800bc60   0x0000001c   Code   RO         3932    i.xTaskGetSchedulerState  tasks.o
    0x0800bc7c   0x0800bc7c   0x000000c8   Code   RO         3935    i.xTaskIncrementTick  tasks.o
    0x0800bd44   0x0800bd44   0x0000008c   Code   RO         3937    i.xTaskNotifyWait   tasks.o
    0x0800bdd0   0x0800bdd0   0x00000098   Code   RO         3938    i.xTaskPriorityDisinherit  tasks.o
    0x0800be68   0x0800be68   0x00000074   Code   RO         3939    i.xTaskRemoveFromEventList  tasks.o
    0x0800bedc   0x0800bedc   0x000000c4   Code   RO         3941    i.xTaskResumeAll    tasks.o
    0x0800bfa0   0x0800bfa0   0x000000b4   Data   RO          378    .constdata          main.o
    0x0800c054   0x0800c054   0x00000010   Data   RO         2948    .constdata          system_stm32f1xx.o
    0x0800c064   0x0800c064   0x00000008   Data   RO         2949    .constdata          system_stm32f1xx.o
    0x0800c06c   0x0800c06c   0x00000028   Data   RO         4598    .constdata          button.o
    0x0800c094   0x0800c094   0x00000028   Data   RO         4701    .constdata          lcd12864.o
    0x0800c0bc   0x0800c0bc   0x00000028   Data   RO         5073    .constdata          relay.o
    0x0800c0e4   0x0800c0e4   0x00000028   Data   RO         5172    .constdata          lcd12864_display_menu_set_strategy.o
    0x0800c10c   0x0800c10c   0x0000008c   Data   RO         5434    .constdata          lcd12864_display_menu.o
    0x0800c198   0x0800c198   0x00000014   Data   RO         6050    .constdata          led.o
    0x0800c1ac   0x0800c1ac   0x00000050   Data   RO         6089    .constdata          sim800c.o
    0x0800c1fc   0x0800c1fc   0x0000006c   Data   RO         6480    .constdata          mqtt.o
    0x0800c268   0x0800c268   0x00000038   Data   RO         7848    .constdata          mc_w.l(ilconv.o)
    0x0800c2a0   0x0800c2a0   0x00000081   Data   RO         7893    .constdata          mc_w.l(ctype_o.o)
    0x0800c321   0x0800c321   0x00000003   PAD
    0x0800c324   0x0800c324   0x00000004   Data   RO         7894    .constdata          mc_w.l(ctype_o.o)
    0x0800c328   0x0800c328   0x0000006c   Data   RO          379    .conststring        main.o
    0x0800c394   0x0800c394   0x0000001f   Data   RO         4599    .conststring        button.o
    0x0800c3b3   0x0800c3b3   0x00000001   PAD
    0x0800c3b4   0x0800c3b4   0x00000037   Data   RO         4702    .conststring        lcd12864.o
    0x0800c3eb   0x0800c3eb   0x00000001   PAD
    0x0800c3ec   0x0800c3ec   0x0000002e   Data   RO         5074    .conststring        relay.o
    0x0800c41a   0x0800c41a   0x00000002   PAD
    0x0800c41c   0x0800c41c   0x00000020   Data   RO         5173    .conststring        lcd12864_display_menu_set_strategy.o
    0x0800c43c   0x0800c43c   0x000000c7   Data   RO         5435    .conststring        lcd12864_display_menu.o
    0x0800c503   0x0800c503   0x00000001   PAD
    0x0800c504   0x0800c504   0x0000000d   Data   RO         6051    .conststring        led.o
    0x0800c511   0x0800c511   0x00000003   PAD
    0x0800c514   0x0800c514   0x00000057   Data   RO         6090    .conststring        sim800c.o
    0x0800c56b   0x0800c56b   0x00000001   PAD
    0x0800c56c   0x0800c56c   0x00000005   Data   RO         7849    .conststring        mc_w.l(ilconv.o)
    0x0800c571   0x0800c571   0x00000003   PAD
    0x0800c574   0x0800c574   0x00000020   Data   RO         7929    Region$$Table       anon$$obj.o


    Execution Region RW_IRAM1 (Exec base: 0x20000000, Load base: 0x0800c594, Size: 0x0000bb90, Max: 0x0000c000, ABSOLUTE, COMPRESSED[0x00000b50])

    Exec Addr    Load Addr    Size         Type   Attr      Idx    E Section Name        Object

    0x20000000   COMPRESSED   0x0000002c   Data   RW          380    .data               main.o
    0x2000002c   COMPRESSED   0x00000001   Data   RW          560    .data               user_diskio.o
    0x2000002d   COMPRESSED   0x00000003   PAD
    0x20000030   COMPRESSED   0x00000014   Data   RW          561    .data               user_diskio.o
    0x20000044   COMPRESSED   0x00000005   Data   RW          640    .data               fatfs.o
    0x20000049   COMPRESSED   0x00000003   PAD
    0x2000004c   COMPRESSED   0x00000014   Data   RW          887    .data               malloc.o
    0x20000060   COMPRESSED   0x0000000c   Data   RW         2008    .data               stm32f1xx_hal.o
    0x2000006c   COMPRESSED   0x00000002   Data   RW         2881    .data               uart.o
    0x2000006e   COMPRESSED   0x00000002   PAD
    0x20000070   COMPRESSED   0x00000004   Data   RW         2950    .data               system_stm32f1xx.o
    0x20000074   COMPRESSED   0x00000018   Data   RW         3473    .data               heap_4.o
    0x2000008c   COMPRESSED   0x0000000c   Data   RW         3536    .data               port.o
    0x20000098   COMPRESSED   0x0000003c   Data   RW         3944    .data               tasks.o
    0x200000d4   COMPRESSED   0x00000008   Data   RW         4600    .data               button.o
    0x200000dc   COMPRESSED   0x0000000c   Data   RW         4703    .data               lcd12864.o
    0x200000e8   COMPRESSED   0x00000230   Data   RW         4843    .data               typeface.o
    0x20000318   COMPRESSED   0x00000040   Data   RW         4845    .data               typeface.o
    0x20000358   COMPRESSED   0x000006a0   Data   RW         4846    .data               typeface.o
    0x200009f8   COMPRESSED   0x00000300   Data   RW         4847    .data               typeface.o
    0x20000cf8   COMPRESSED   0x00000060   Data   RW         4848    .data               typeface.o
    0x20000d58   COMPRESSED   0x000005b0   Data   RW         4849    .data               typeface.o
    0x20001308   COMPRESSED   0x00000001   Data   RW         4866    .data               delay.o
    0x20001309   COMPRESSED   0x00000001   PAD
    0x2000130a   COMPRESSED   0x00000002   Data   RW         4892    .data               check_stroking_cycle.o
    0x2000130c   COMPRESSED   0x00000001   Data   RW         4973    .data               monitor_in1.o
    0x2000130d   COMPRESSED   0x00000003   PAD
    0x20001310   COMPRESSED   0x00000010   Data   RW         5075    .data               relay.o
    0x20001320   COMPRESSED   0x00000004   Data   RW         5076    .data               relay.o
    0x20001324   COMPRESSED   0x00000008   Data   RW         5174    .data               lcd12864_display_menu_set_strategy.o
    0x2000132c   COMPRESSED   0x00000002   Data   RW         5269    .data               24c0x.o
    0x2000132e   COMPRESSED   0x00000003   Data   RW         5436    .data               lcd12864_display_menu.o
    0x20001331   COMPRESSED   0x00000003   PAD
    0x20001334   COMPRESSED   0x00000008   Data   RW         5531    .data               lcd12864_display_menu_humi_compensation.o
    0x2000133c   COMPRESSED   0x00000008   Data   RW         5587    .data               lcd12864_display_menu_max_route.o
    0x20001344   COMPRESSED   0x00000004   Data   RW         5651    .data               lcd12864_display_menu_route_reset.o
    0x20001348   COMPRESSED   0x00000008   Data   RW         5710    .data               lcd12864_display_menu_set_strategy_info.o
    0x20001350   COMPRESSED   0x0000000c   Data   RW         5787    .data               lcd12864_display_menu_set_time.o
    0x2000135c   COMPRESSED   0x00000008   Data   RW         5842    .data               lcd12864_display_menu_stroking_cycle.o
    0x20001364   COMPRESSED   0x00000008   Data   RW         5896    .data               lcd12864_display_menu_delay_inspection.o
    0x2000136c   COMPRESSED   0x0000000c   Data   RW         5952    .data               humi.o
    0x20001378   COMPRESSED   0x00000008   Data   RW         6052    .data               led.o
    0x20001380   COMPRESSED   0x00000018   Data   RW         6091    .data               sim800c.o
    0x20001398   COMPRESSED   0x00000004   Data   RW         6186    .data               am2320.o
    0x2000139c   COMPRESSED   0x00000008   Data   RW         6385    .data               sim800c_scheduler_data.o
    0x200013a4   COMPRESSED   0x00000014   Data   RW         7048    .data               cjson.o
    0x200013b8   COMPRESSED   0x00000004   Data   RW         7843    .data               mc_w.l(stdout.o)
    0x200013bc   COMPRESSED   0x00000004   Data   RW         7850    .data               mc_w.l(mvars.o)
    0x200013c0   COMPRESSED   0x00000004   Data   RW         7855    .data               mc_w.l(errno.o)
    0x200013c4        -       0x00000080   Zero   RW          287    .bss                gprs.o
    0x20001444        -       0x000000ec   Zero   RW          375    .bss                main.o
    0x20001530        -       0x00000044   Zero   RW          376    .bss                main.o
    0x20001574        -       0x00000044   Zero   RW          377    .bss                main.o
    0x200015b8        -       0x00004000   Zero   RW          882    .bss                malloc.o
    0x200055b8        -       0x00000400   Zero   RW          883    .bss                malloc.o
    0x200059b8        -       0x00000140   Zero   RW         2879    .bss                uart.o
    0x20005af8        -       0x0000000c   Zero   RW         3422    .bss                ff_gen_drv.o
    0x20005b04        -       0x00005000   Zero   RW         3472    .bss                heap_4.o
    0x2000ab04        -       0x000000f0   Zero   RW         3943    .bss                tasks.o
    0x2000abf4        -       0x00000060   Zero   RW         5171    .bss                lcd12864_display_menu_set_strategy.o
    0x2000ac54        -       0x00000060   Zero   RW         5709    .bss                lcd12864_display_menu_set_strategy_info.o
    0x2000acb4        -       0x0000000f   Zero   RW         6184    .bss                am2320.o
    0x2000acc3        -       0x00000032   Zero   RW         6256    .bss                board_info.o
    0x2000acf5        -       0x00000200   Zero   RW         6437    .bss                sim800c_recv_onenet_data.o
    0x2000aef5   COMPRESSED   0x00000003   PAD
    0x2000aef8        -       0x00000894   Zero   RW         6479    .bss                mqtt.o
    0x2000b78c   COMPRESSED   0x00000004   PAD
    0x2000b790        -       0x00000400   Zero   RW            1    STACK               startup_stm32f103xe.o


==============================================================================

Image component sizes


      Code (inc. data)   RO Data    RW Data    ZI Data      Debug   Object Name

       342          8          0          2          0       4174   24c0x.o
       656         78          0          4         15       5632   am2320.o
      1296        316          0          0         50       7193   board_info.o
      1096        272         71          8          0       6782   button.o
        80         10          0          0          0        934   buzzer.o
       180         66          0          2          0       4614   check_stroking_cycle.o
      3410        120          0         20          0      23533   cjson.o
       112          0          0          0          0      13632   cmsis_os.o
        68          6          0          1          0        819   delay.o
         0          0          0          0          0       8040   event_groups.o
        28         10          0          5          0        970   fatfs.o
        70          4          0          0         12       1527   ff_gen_drv.o
         0          0          0          0          0       2528   freertos.o
       508        216          0          0        128       8694   gprs.o
       472         30          0         24      20480       7654   heap_4.o
       136         12          0         12          0       5241   humi.o
      1464        100          0          0          0       7205   iic.o
      2304        190         95         12          0      17096   lcd12864.o
      1628         96        339          3          0      10546   lcd12864_display_menu.o
       652         76          0          8          0       4815   lcd12864_display_menu_delay_inspection.o
       772         94          0          8          0       4929   lcd12864_display_menu_humi_compensation.o
       828         72          0          8          0       6071   lcd12864_display_menu_max_route.o
       412         72          0          4          0       3552   lcd12864_display_menu_route_reset.o
      1010         62         72          8         96      10219   lcd12864_display_menu_set_strategy.o
      2150        128          0          8         96       8306   lcd12864_display_menu_set_strategy_info.o
       924         42          0         12          0       4795   lcd12864_display_menu_set_time.o
       548         72          0          8          0       4723   lcd12864_display_menu_stroking_cycle.o
       220         36         33          8          0       2357   led.o
       136          0          0          0          0       3282   list.o
      1404        158        288         44        372      17887   main.o
       372         34          0         20      17408     209569   malloc.o
       338         30          0          1          0       6902   monitor_in1.o
       284        116        108          0       2196       3727   mqtt.o
       606         72          0         12          0      10821   port.o
      1406         14          0          0          0      12506   queue.o
       876        104         86         20          0       7230   relay.o
       860        302        167         24          0       4071   sim800c.o
       180         74          0          0        512       1478   sim800c_recv_onenet_data.o
       812        264          0          8          0       3564   sim800c_scheduler_data.o
        48          6          0          0          0        533   sim800c_send_state_data.o
        36          8        304          0       1024        784   startup_stm32f103xe.o
       128         24          0         12          0       3133   stm32f1xx_hal.o
       218         14          0          0          0      26225   stm32f1xx_hal_cortex.o
      1222         52          0          0          0       4910   stm32f1xx_hal_dma.o
       508         42          0          0          0       3439   stm32f1xx_hal_gpio.o
       596         92          0          0          0       2985   stm32f1xx_hal_msp.o
        12          4          0          0          0        495   stm32f1xx_hal_pwr.o
      1296        104          0          0          0       5516   stm32f1xx_hal_rcc.o
       448         44          0          0          0       2517   stm32f1xx_hal_rcc_ex.o
      1334         14          0          0          0      11630   stm32f1xx_hal_rtc.o
       214          6          0          0          0       2541   stm32f1xx_hal_spi.o
       130          0          0          0          0       1031   stm32f1xx_hal_spi_ex.o
      1992         38          0          0          0      15649   stm32f1xx_hal_uart.o
       104         42          0          0          0       4943   stm32f1xx_it.o
       888        110          0          0          0     494761   strategy.o
        72         16         24          4          0       1103   system_stm32f1xx.o
      3186        258          0         60        240      29186   tasks.o
         0          0          0       4640          0        907   typeface.o
       192         44          0          2        320       2758   uart.o
        44         12          0         21          0      11600   user_diskio.o

    ----------------------------------------------------------------------
     41380       4286       1628       5048      42956    1094264   Object Totals
         0          0         32          0          0          0   (incl. Generated)
        72          0          9         15          7          0   (incl. Padding)

    ----------------------------------------------------------------------

      Code (inc. data)   RO Data    RW Data    ZI Data      Debug   Library Member Name

        28          0          0          0          0         80   strtod.o
        56          8          0          0          0         84   __0sscanf.o
        86          0          0          0          0          0   __dczerorl2.o
        28          0          0          0          0         68   _chval.o
       812          4          0          0          0        112   _scanf.o
        64          0          0          0          0         84   _sgetc.o
       158          0          0          0          0         92   _strtoul.o
        26          0          0          0          0         80   atoi.o
         8          4        133          0          0         68   ctype_o.o
         0          0          0          0          0          0   entry.o
         0          0          0          0          0          0   entry10a.o
         0          0          0          0          0          0   entry11a.o
         8          4          0          0          0          0   entry2.o
         4          0          0          0          0          0   entry5.o
         0          0          0          0          0          0   entry7b.o
         0          0          0          0          0          0   entry8b.o
         8          4          0          0          0          0   entry9a.o
         8          4          0          4          0         68   errno.o
        30          0          0          0          0          0   handlers.o
         0          0         61          0          0          0   ilconv.o
        36          8          0          0          0         68   init.o
        18          0          0          0          0         76   isspace_o.o
         0          0          0          0          0          0   iusefp.o
        30          0          0          0          0         68   llshl.o
        36          0          0          0          0         68   llsshr.o
        32          0          0          0          0         68   llushr.o
         8          4          0          0          0         68   localeconv.o
        80          4          0          0          0         76   malloc.o
        36          0          0          0          0         68   memcpya.o
        36          0          0          0          0        108   memseta.o
         0          0          0          4          0          0   mvars.o
      2308         96          0          0          0        604   printfa.o
        40          8          0          0          0         84   scanf_char.o
       878         12          0          0          0        216   scanf_fp.o
         0          0          0          4          0          0   stdout.o
        28          0          0          0          0         76   strcmp.o
        18          0          0          0          0         68   strcpy.o
        14          0          0          0          0         68   strlen.o
        30          0          0          0          0         80   strncmp.o
        24          0          0          0          0         76   strncpy.o
        36          0          0          0          0         80   strstr.o
       156         12          0          0          0        120   strtod.o
       112          0          0          0          0         88   strtol.o
        12          0          0          0          0         68   tolower.o
        44          0          0          0          0         80   uidiv.o
        98          0          0          0          0         92   uldiv.o
        48          0          0          0          0         68   cdcmple.o
        48          0          0          0          0         68   cdrcmple.o
        20          0          0          0          0         68   cfcmple.o
        20          0          0          0          0         68   cfrcmple.o
        56          0          0          0          0         88   d2f.o
       334          0          0          0          0        148   dadd.o
       222          0          0          0          0        100   ddiv.o
       186          0          0          0          0        176   depilogue.o
        62          0          0          0          0         80   dfixi.o
        48          0          0          0          0         68   dfixul.o
        24          0          0          0          0         76   dfltul.o
       228          0          0          0          0         96   dmul.o
       176          0          0          0          0        140   fadd.o
       124          0          0          0          0         88   fdiv.o
       110          0          0          0          0        168   fepilogue.o
        50          0          0          0          0         68   ffixi.o
        40          0          0          0          0         68   ffixui.o
        18          0          0          0          0         68   fflti.o
        10          0          0          0          0         68   ffltui.o
       100          0          0          0          0         76   fmul.o

    ----------------------------------------------------------------------
      7372        172        200         12          0       5052   Library Totals
        14          0          6          0          0          0   (incl. Padding)

    ----------------------------------------------------------------------

      Code (inc. data)   RO Data    RW Data    ZI Data      Debug   Library Name

        28          0          0          0          0         80   m_ws.l
      5406        172        194         12          0       3124   mc_w.l
      1924          0          0          0          0       1848   mf_w.l

    ----------------------------------------------------------------------
      7372        172        200         12          0       5052   Library Totals

    ----------------------------------------------------------------------

==============================================================================


      Code (inc. data)   RO Data    RW Data    ZI Data      Debug   

     48752       4458       1828       5060      42956    1076980   Grand Totals
     48752       4458       1828       2896      42956    1076980   ELF Image Totals (compressed)
     48752       4458       1828       2896          0          0   ROM Totals

==============================================================================

    Total RO  Size (Code + RO Data)                50580 (  49.39kB)
    Total RW  Size (RW Data + ZI Data)             48016 (  46.89kB)
    Total ROM Size (Code + RO Data + RW Data)      53476 (  52.22kB)

==============================================================================

